Archive member included to satisfy reference by file (symbol)

d:/nxp/mcuxpressoide_11.3.0_5222/ide/plugins/com.nxp.mcuxpresso.tools.win32_11.3.0.202008311133/tools/bin/../lib/gcc/arm-none-eabi/9.3.1/../../../../arm-none-eabi/lib/thumb/v7e-m+fp/hard\libcr_semihost_nf.a(_cr__main.o)
                              ./startup/startup_mk66f18.o (__main)
d:/nxp/mcuxpressoide_11.3.0_5222/ide/plugins/com.nxp.mcuxpresso.tools.win32_11.3.0.202008311133/tools/bin/../lib/gcc/arm-none-eabi/9.3.1/../../../../arm-none-eabi/lib/thumb/v7e-m+fp/hard\libcr_semihost_nf.a(_cr_assert.o)
                              ./source/CDK66_Ref1.o (__assertion_failed)
d:/nxp/mcuxpressoide_11.3.0_5222/ide/plugins/com.nxp.mcuxpresso.tools.win32_11.3.0.202008311133/tools/bin/../lib/gcc/arm-none-eabi/9.3.1/../../../../arm-none-eabi/lib/thumb/v7e-m+fp/hard\libcr_semihost_nf.a(__ciob.o)
                              d:/nxp/mcuxpressoide_11.3.0_5222/ide/plugins/com.nxp.mcuxpresso.tools.win32_11.3.0.202008311133/tools/bin/../lib/gcc/arm-none-eabi/9.3.1/../../../../arm-none-eabi/lib/thumb/v7e-m+fp/hard\libcr_semihost_nf.a(_cr_assert.o) (__Ciob)
d:/nxp/mcuxpressoide_11.3.0_5222/ide/plugins/com.nxp.mcuxpresso.tools.win32_11.3.0.202008311133/tools/bin/../lib/gcc/arm-none-eabi/9.3.1/../../../../arm-none-eabi/lib/thumb/v7e-m+fp/hard\libcr_semihost_nf.a(__sys_appexit.o)
                              d:/nxp/mcuxpressoide_11.3.0_5222/ide/plugins/com.nxp.mcuxpresso.tools.win32_11.3.0.202008311133/tools/bin/../lib/gcc/arm-none-eabi/9.3.1/../../../../arm-none-eabi/lib/thumb/v7e-m+fp/hard\libcr_semihost_nf.a(_cr_assert.o) (__sys_appexit)
d:/nxp/mcuxpressoide_11.3.0_5222/ide/plugins/com.nxp.mcuxpresso.tools.win32_11.3.0.202008311133/tools/bin/../lib/gcc/arm-none-eabi/9.3.1/../../../../arm-none-eabi/lib/thumb/v7e-m+fp/hard\libcr_c.a(memcpy.o)
                              ./drivers/fsl_ftfx_cache.o (memcpy)
d:/nxp/mcuxpressoide_11.3.0_5222/ide/plugins/com.nxp.mcuxpresso.tools.win32_11.3.0.202008311133/tools/bin/../lib/gcc/arm-none-eabi/9.3.1/../../../../arm-none-eabi/lib/thumb/v7e-m+fp/hard\libcr_c.a(memset.o)
                              ./drivers/fsl_adc16.o (memset)
d:/nxp/mcuxpressoide_11.3.0_5222/ide/plugins/com.nxp.mcuxpresso.tools.win32_11.3.0.202008311133/tools/bin/../lib/gcc/arm-none-eabi/9.3.1/../../../../arm-none-eabi/lib/thumb/v7e-m+fp/hard\libcr_c.a(_deferredlazyseek.o)
                              d:/nxp/mcuxpressoide_11.3.0_5222/ide/plugins/com.nxp.mcuxpresso.tools.win32_11.3.0.202008311133/tools/bin/../lib/gcc/arm-none-eabi/9.3.1/../../../../arm-none-eabi/lib/thumb/v7e-m+fp/hard\libcr_semihost_nf.a(_cr_assert.o) (__flsbuf)
d:/nxp/mcuxpressoide_11.3.0_5222/ide/plugins/com.nxp.mcuxpresso.tools.win32_11.3.0.202008311133/tools/bin/../lib/gcc/arm-none-eabi/9.3.1/../../../../arm-none-eabi/lib/thumb/v7e-m+fp/hard\libcr_c.a(_fflush.o)
                              d:/nxp/mcuxpressoide_11.3.0_5222/ide/plugins/com.nxp.mcuxpresso.tools.win32_11.3.0.202008311133/tools/bin/../lib/gcc/arm-none-eabi/9.3.1/../../../../arm-none-eabi/lib/thumb/v7e-m+fp/hard\libcr_c.a(_deferredlazyseek.o) (_fflush)
d:/nxp/mcuxpressoide_11.3.0_5222/ide/plugins/com.nxp.mcuxpresso.tools.win32_11.3.0.202008311133/tools/bin/../lib/gcc/arm-none-eabi/9.3.1/../../../../arm-none-eabi/lib/thumb/v7e-m+fp/hard\libcr_c.a(_writebuf.o)
                              d:/nxp/mcuxpressoide_11.3.0_5222/ide/plugins/com.nxp.mcuxpresso.tools.win32_11.3.0.202008311133/tools/bin/../lib/gcc/arm-none-eabi/9.3.1/../../../../arm-none-eabi/lib/thumb/v7e-m+fp/hard\libcr_c.a(_deferredlazyseek.o) (_Cwritebuf)
d:/nxp/mcuxpressoide_11.3.0_5222/ide/plugins/com.nxp.mcuxpresso.tools.win32_11.3.0.202008311133/tools/bin/../lib/gcc/arm-none-eabi/9.3.1/../../../../arm-none-eabi/lib/thumb/v7e-m+fp/hard\libcr_c.a(alloc.o)
                              ./drivers/fsl_common.o (malloc)
d:/nxp/mcuxpressoide_11.3.0_5222/ide/plugins/com.nxp.mcuxpresso.tools.win32_11.3.0.202008311133/tools/bin/../lib/gcc/arm-none-eabi/9.3.1/../../../../arm-none-eabi/lib/thumb/v7e-m+fp/hard\libcr_c.a(fputs.o)
                              d:/nxp/mcuxpressoide_11.3.0_5222/ide/plugins/com.nxp.mcuxpresso.tools.win32_11.3.0.202008311133/tools/bin/../lib/gcc/arm-none-eabi/9.3.1/../../../../arm-none-eabi/lib/thumb/v7e-m+fp/hard\libcr_semihost_nf.a(_cr_assert.o) (fputs)
d:/nxp/mcuxpressoide_11.3.0_5222/ide/plugins/com.nxp.mcuxpresso.tools.win32_11.3.0.202008311133/tools/bin/../lib/gcc/arm-none-eabi/9.3.1/../../../../arm-none-eabi/lib/thumb/v7e-m+fp/hard\libcr_c.a(fseek.o)
                              d:/nxp/mcuxpressoide_11.3.0_5222/ide/plugins/com.nxp.mcuxpresso.tools.win32_11.3.0.202008311133/tools/bin/../lib/gcc/arm-none-eabi/9.3.1/../../../../arm-none-eabi/lib/thumb/v7e-m+fp/hard\libcr_c.a(_deferredlazyseek.o) (fseek)
d:/nxp/mcuxpressoide_11.3.0_5222/ide/plugins/com.nxp.mcuxpresso.tools.win32_11.3.0.202008311133/tools/bin/../lib/gcc/arm-none-eabi/9.3.1/../../../../arm-none-eabi/lib/thumb/v7e-m+fp/hard\libcr_c.a(ftell.o)
[...]
Memory Configuration

Name             Origin             Length             Attributes
PROGRAM_FLASH    0x00000000         0x00200000         xr
SRAM_UPPER       0x20000000         0x00030000         xrw
SRAM_LOWER       0x1fff0000         0x00010000         xrw
FLEX_RAM         0x14000000         0x00001000         xrw
*default*        0x00000000         0xffffffff

Linker script and memory map

LOAD ./startup/startup_mk66f18.o
LOAD ./source/CDK66_OLED.o
LOAD ./source/CDK66_Ref1.o
LOAD ./source/semihost_hardfault.o
LOAD ./drivers/fsl_adc16.o
LOAD ./drivers/fsl_clock.o
LOAD ./drivers/fsl_cmp.o
LOAD ./drivers/fsl_cmt.o
LOAD ./drivers/fsl_common.o
LOAD ./drivers/fsl_crc.o
LOAD ./drivers/fsl_dac.o
LOAD ./drivers/fsl_dmamux.o
LOAD ./drivers/fsl_dspi.o
LOAD ./drivers/fsl_edma.o
LOAD ./drivers/fsl_ewm.o
LOAD ./drivers/fsl_flexcan.o
LOAD ./drivers/fsl_ftfx_cache.o
LOAD ./drivers/fsl_ftfx_controller.o
LOAD ./drivers/fsl_ftfx_flash.o
LOAD ./drivers/fsl_ftfx_flexnvm.o
LOAD ./drivers/fsl_ftm.o
LOAD ./drivers/fsl_gpio.o
LOAD ./drivers/fsl_i2c.o
LOAD ./drivers/fsl_llwu.o
LOAD ./drivers/fsl_lmem_cache.o
LOAD ./drivers/fsl_lptmr.o
LOAD ./drivers/fsl_lpuart.o
LOAD ./drivers/fsl_pdb.o
LOAD ./drivers/fsl_pit.o
LOAD ./drivers/fsl_pmc.o
LOAD ./drivers/fsl_rcm.o
LOAD ./drivers/fsl_rnga.o
LOAD ./drivers/fsl_rtc.o
LOAD ./drivers/fsl_sai.o
LOAD ./drivers/fsl_sai_edma.o
LOAD ./drivers/fsl_sdhc.o
LOAD ./drivers/fsl_sdramc.o
LOAD ./drivers/fsl_sim.o
LOAD ./drivers/fsl_smc.o
LOAD ./drivers/fsl_sysmpu.o
LOAD ./drivers/fsl_tpm.o
LOAD ./drivers/fsl_uart.o
LOAD ./drivers/fsl_vref.o
LOAD ./drivers/fsl_wdog.o
LOAD ./device/system_MK66F18.o
LOAD ./component/lists/generic_list.o
LOAD ./board/board.o
LOAD ./board/clock_config.o
LOAD ./board/peripherals.o
LOAD ./board/pin_mux.o
START GROUP
LOAD d:/nxp/mcuxpressoide_11.3.0_5222/ide/plugins/com.nxp.mcuxpresso.tools.win32_11.3.0.202008311133/tools/bin/../lib/gcc/arm-none-eabi/9.3.1/../../../../arm-none-eabi/lib/thumb/v7e-m+fp/hard\libcr_semihost_nf.a
LOAD d:/nxp/mcuxpressoide_11.3.0_5222/ide/plugins/com.nxp.mcuxpresso.tools.win32_11.3.0.202008311133/tools/bin/../lib/gcc/arm-none-eabi/9.3.1/../../../../arm-none-eabi/lib/thumb/v7e-m+fp/hard\libcr_c.a
LOAD d:/nxp/mcuxpressoide_11.3.0_5222/ide/plugins/com.nxp.mcuxpresso.tools.win32_11.3.0.202008311133/tools/bin/../lib/gcc/arm-none-eabi/9.3.1/thumb/v7e-m+fp/hard\libcr_eabihelpers.a
LOAD d:/nxp/mcuxpressoide_11.3.0_5222/ide/plugins/com.nxp.mcuxpresso.tools.win32_11.3.0.202008311133/tools/bin/../lib/gcc/arm-none-eabi/9.3.1/thumb/v7e-m+fp/hard\libgcc.a
END GROUP
                0x00000000                __base_PROGRAM_FLASH = 0x0
                0x00000000                __base_Flash = 0x0
                0x00200000                __top_PROGRAM_FLASH = 0x200000
                0x00200000                __top_Flash = 0x200000
                0x20000000                __base_SRAM_UPPER = 0x20000000
                0x20000000                __base_RAM = 0x20000000
                0x20030000                __top_SRAM_UPPER = 0x20030000
                0x20030000                __top_RAM = 0x20030000
                0x1fff0000                __base_SRAM_LOWER = 0x1fff0000
                0x1fff0000                __base_RAM2 = 0x1fff0000
                0x20000000                __top_SRAM_LOWER = 0x20000000
                0x20000000                __top_RAM2 = 0x20000000
                0x14000000                __base_FLEX_RAM = 0x14000000
                0x14000000                __base_RAM3 = 0x14000000
                0x14001000                __top_FLEX_RAM = 0x14001000
                0x14001000                __top_RAM3 = 0x14001000

.text           0x00000000     0x5610
 FILL mask 0xff
                0x00000000                __vectors_start__ = ABSOLUTE (.)
 *(SORT_BY_ALIGNMENT(.isr_vector))
 .isr_vector    0x00000000      0x1d0 ./startup/startup_mk66f18.o
                0x00000000                g_pfnVectors
                0x00000000                __Vectors
                0x000001d0                . = ALIGN (0x4)
                0x000001d0                __section_table_start = .
                0x000001d0                __data_section_table = .
                0x000001d0        0x4 LONG 0x5610 LOADADDR (.data)
                0x000001d4        0x4 LONG 0x20000000 ADDR (.data)
                0x000001d8        0x4 LONG 0x28 SIZEOF (.data)
                0x000001dc        0x4 LONG 0x5610 LOADADDR (.data_RAM2)
                0x000001e0        0x4 LONG 0x1fff0000 ADDR (.data_RAM2)
                0x000001e4        0x4 LONG 0x0 SIZEOF (.data_RAM2)
                0x000001e8        0x4 LONG 0x5610 LOADADDR (.data_RAM3)
                0x000001ec        0x4 LONG 0x14000000 ADDR (.data_RAM3)
                0x000001f0        0x4 LONG 0x0 SIZEOF (.data_RAM3)
                0x000001f4                __data_section_table_end = .
                0x000001f4                __bss_section_table = .
                0x000001f4        0x4 LONG 0x20000028 ADDR (.bss)
                0x000001f8        0x4 LONG 0x1f8 SIZEOF (.bss)
                0x000001fc        0x4 LONG 0x1fff0000 ADDR (.bss_RAM2)
                0x00000200        0x4 LONG 0x0 SIZEOF (.bss_RAM2)
                0x00000204        0x4 LONG 0x14000000 ADDR (.bss_RAM3)
                0x00000208        0x4 LONG 0x0 SIZEOF (.bss_RAM3)
                0x0000020c                __bss_section_table_end = .
                0x0000020c                __section_table_end = .
 *(SORT_BY_ALIGNMENT(.after_vectors*))
 .after_vectors.reset
                0x0000020c       0x4c ./startup/startup_mk66f18.o
                0x0000020c                ResetISR
 .after_vectors.init_data
                0x00000258       0x1e ./startup/startup_mk66f18.o
                0x00000258                data_init
 .after_vectors.init_bss
                0x00000276       0x12 ./startup/startup_mk66f18.o
                0x00000276                bss_init
 .after_vectors
                0x00000288       0x14 ./startup/startup_mk66f18.o
                0x00000288                NMI_Handler
                0x0000028c                MemManage_Handler
                0x0000028e                BusFault_Handler
                0x00000290                UsageFault_Handler
                0x00000292                SVC_Handler
                0x00000294                DebugMon_Handler
                0x00000296                PendSV_Handler
                0x00000298                SysTick_Handler
                0x0000029a                FTM2_DriverIRQHandler
                0x0000029a                PIT2_DriverIRQHandler
                0x0000029a                TPM2_DriverIRQHandler
                0x0000029a                TSI0_DriverIRQHandler
                0x0000029a                RTC_Seconds_DriverIRQHandler
                0x0000029a                FTM1_DriverIRQHandler
                0x0000029a                LLWU_DriverIRQHandler
                0x0000029a                MCM_DriverIRQHandler
                0x0000029a                MCG_DriverIRQHandler
                0x0000029a                ENET_1588_Timer_DriverIRQHandler
                0x0000029a                DAC1_DriverIRQHandler
                0x0000029a                CMP3_DriverIRQHandler
                0x0000029a                CMP1_DriverIRQHandler
                0x0000029a                USBHSDCD_DriverIRQHandler
                0x0000029a                FTM0_DriverIRQHandler
                0x0000029a                IntDefaultHandler
                0x0000029a                USB0_DriverIRQHandler
                0x0000029a                PORTC_DriverIRQHandler
                0x0000029a                DAC0_DriverIRQHandler
                0x0000029a                CMP2_DriverIRQHandler
                0x0000029a                UART2_ERR_DriverIRQHandler
                0x0000029a                DMA_Error_DriverIRQHandler
                0x0000029a                Reserved84_DriverIRQHandler
                0x0000029a                PIT0_DriverIRQHandler
                0x0000029a                RNG_DriverIRQHandler
                0x0000029a                USBDCD_DriverIRQHandler
                0x0000029a                UART3_ERR_DriverIRQHandler
                0x0000029a                UART0_ERR_DriverIRQHandler
                0x0000029a                CMT_DriverIRQHandler
                0x0000029a                Reserved71_DriverIRQHandler
                0x0000029a                ADC1_DriverIRQHandler
                0x0000029a                PORTA_DriverIRQHandler
                0x0000029a                PIT3_DriverIRQHandler
                0x0000029a                PIT1_DriverIRQHandler
                0x0000029a                TPM1_DriverIRQHandler
                0x0000029a                WDOG_EWM_DriverIRQHandler
                0x0000029a                PDB0_DriverIRQHandler
                0x0000029a                RTC_DriverIRQHandler
                0x0000029a                Read_Collision_DriverIRQHandler
                0x0000029a                SWI_DriverIRQHandler
                0x0000029a                UART4_ERR_DriverIRQHandler
                0x0000029a                LPTMR0_DriverIRQHandler
                0x0000029a                PORTB_DriverIRQHandler
                0x0000029a                ENET_Receive_DriverIRQHandler
                0x0000029a                ENET_Error_DriverIRQHandler
                0x0000029a                Reserved85_DriverIRQHandler
                0x0000029a                ADC0_DriverIRQHandler
                0x0000029a                USBHS_DriverIRQHandler
                0x0000029a                CMP0_DriverIRQHandler
                0x0000029a                FTM3_DriverIRQHandler
                0x0000029a                LVD_LVW_DriverIRQHandler
                0x0000029a                UART1_ERR_DriverIRQHandler
                0x0000029a                ENET_Transmit_DriverIRQHandler
                0x0000029a                PORTD_DriverIRQHandler
                0x0000029a                Reserved46_DriverIRQHandler
                0x0000029a                PORTE_DriverIRQHandler
                0x0000029a                FTFE_DriverIRQHandler
                0x00000400                . = 0x400
 *fill*         0x0000029c      0x164 ff
                0x00000400                PROVIDE (__FLASH_CONFIG_START__ = .)
 *(SORT_BY_ALIGNMENT(.FlashConfig))
 .FlashConfig   0x00000400       0x10 ./startup/startup_mk66f18.o
                0x00000400                Flash_Config
                0x00000410                PROVIDE (__FLASH_CONFIG_END__ = .)
                0x00000001                ASSERT (! ((__FLASH_CONFIG_START__ == __FLASH_CONFIG_END__)), Linker Flash Config Support Enabled, but no .FlashConfig section provided within application)
 *(SORT_BY_ALIGNMENT(.text*))
 .text.OLED_WrDat
                0x00000410       0x74 ./source/CDK66_OLED.o
                0x00000410                OLED_WrDat
 .text.OLED_WrCmd
                0x00000484       0x74 ./source/CDK66_OLED.o
                0x00000484                OLED_WrCmd
 .text.OLED_Init
                0x000004f8       0xe8 ./source/CDK66_OLED.o
                0x000004f8                OLED_Init
 .text.OLED_P8x16Str
                0x000005e0       0xc8 ./source/CDK66_OLED.o
                0x000005e0                OLED_P8x16Str
 .text.OLED_HEXACSII
                0x000006a8       0x6c ./source/CDK66_OLED.o
                0x000006a8                OLED_HEXACSII
 .text.__NVIC_EnableIRQ
                0x00000714       0x3c ./source/CDK66_Ref1.o
 .text.PIT_GetDefaultConfig
                0x00000750       0x28 ./source/CDK66_Ref1.o
 .text.InitPITs
                0x00000778       0xe8 ./source/CDK66_Ref1.o
                0x00000778                InitPITs
 .text.ShowNumHEX
                0x00000860       0x40 ./source/CDK66_Ref1.o
                0x00000860                ShowNumHEX
 .text.ShowNumOFF
                0x000008a0       0x18 ./source/CDK66_Ref1.o
                0x000008a0                ShowNumOFF
 .text.PIT0_IRQHandler
                0x000008b8       0x80 ./source/CDK66_Ref1.o
                0x000008b8                PIT0_IRQHandler
 .text.PORTB_IRQHandler
                0x00000938       0x88 ./source/CDK66_Ref1.o
                0x00000938                PORTB_IRQHandler
 .text.Task1    0x000009c0      0x130 ./source/CDK66_Ref1.o
                0x000009c0                Task1
 .text.Task2    0x00000af0       0x70 ./source/CDK66_Ref1.o
                0x00000af0                Task2
 .text.initVar  0x00000b60       0x84 ./source/CDK66_Ref1.o
                0x00000b60                initVar
 .text.main     0x00000be4       0xa0 ./source/CDK66_Ref1.o
                0x00000be4                main
 .text.CLOCK_SetEr32kClock
                0x00000c84       0x30 ./drivers/fsl_clock.o
 .text.CLOCK_SetPllFllSelClock
                0x00000cb4       0x58 ./drivers/fsl_clock.o
 .text.CLOCK_GetMcgExtClkFreq
                0x00000d0c       0x7c ./drivers/fsl_clock.o
 .text.CLOCK_GetFllExtRefClkFreq
                0x00000d88       0xb0 ./drivers/fsl_clock.o
 .text.CLOCK_GetInternalRefClkSelectFreq
                0x00000e38       0x4c ./drivers/fsl_clock.o
 .text.CLOCK_GetFllRefClkFreq
                0x00000e84       0x34 ./drivers/fsl_clock.o
 .text.CLOCK_GetOscRangeFromFreq
                0x00000eb8       0x3c ./drivers/fsl_clock.o
 .text.CLOCK_GetOsc0ErClkUndivFreq
                0x00000ef4       0x44 ./drivers/fsl_clock.o
                0x00000ef4                CLOCK_GetOsc0ErClkUndivFreq
 .text.CLOCK_GetOsc0ErClkDivFreq
                0x00000f38       0x58 ./drivers/fsl_clock.o
                0x00000f38                CLOCK_GetOsc0ErClkDivFreq
 .text.CLOCK_GetEr32kClkFreq
                0x00000f90       0x74 ./drivers/fsl_clock.o
                0x00000f90                CLOCK_GetEr32kClkFreq
 .text.CLOCK_GetPllFllSelClkFreq
                0x00001004       0x94 ./drivers/fsl_clock.o
                0x00001004                CLOCK_GetPllFllSelClkFreq
 .text.CLOCK_GetFreq
                0x00001098      0x150 ./drivers/fsl_clock.o
                0x00001098                CLOCK_GetFreq
 .text.CLOCK_SetSimConfig
                0x000011e8       0x44 ./drivers/fsl_clock.o
                0x000011e8                CLOCK_SetSimConfig
 .text.CLOCK_GetOutClkFreq
                0x0000122c       0x90 ./drivers/fsl_clock.o
                0x0000122c                CLOCK_GetOutClkFreq
 .text.CLOCK_GetFllFreq
                0x000012bc       0x84 ./drivers/fsl_clock.o
                0x000012bc                CLOCK_GetFllFreq
 .text.CLOCK_GetInternalRefClkFreq
                0x00001340       0x30 ./drivers/fsl_clock.o
                0x00001340                CLOCK_GetInternalRefClkFreq
 .text.CLOCK_GetPll0Freq
                0x00001370       0x7c ./drivers/fsl_clock.o
                0x00001370                CLOCK_GetPll0Freq
 .text.CLOCK_GetExtPllFreq
                0x000013ec       0x18 ./drivers/fsl_clock.o
                0x000013ec                CLOCK_GetExtPllFreq
 .text.CLOCK_SetExternalRefClkConfig
                0x00001404       0x6c ./drivers/fsl_clock.o
                0x00001404                CLOCK_SetExternalRefClkConfig
 .text.CLOCK_EnablePll0
                0x00001470       0x88 ./drivers/fsl_clock.o
                0x00001470                CLOCK_EnablePll0
 .text.CLOCK_InitOsc0
                0x000014f8       0x8c ./drivers/fsl_clock.o
                0x000014f8                CLOCK_InitOsc0
 .text.CLOCK_SetPbeMode
                0x00001584       0xe8 ./drivers/fsl_clock.o
                0x00001584                CLOCK_SetPbeMode
 .text.CLOCK_BootToPeeMode
                0x0000166c       0x68 ./drivers/fsl_clock.o
                0x0000166c                CLOCK_BootToPeeMode
 .text.DSPI_CommonIRQHandler
                0x000016d4       0x44 ./drivers/fsl_dspi.o
 .text.SPI0_DriverIRQHandler
                0x00001718       0x30 ./drivers/fsl_dspi.o
                0x00001718                SPI0_DriverIRQHandler
 .text.SPI1_DriverIRQHandler
                0x00001748       0x30 ./drivers/fsl_dspi.o
                0x00001748                SPI1_DriverIRQHandler
 .text.SPI2_DriverIRQHandler
                0x00001778       0x30 ./drivers/fsl_dspi.o
                0x00001778                SPI2_DriverIRQHandler
 .text.EDMA_GetChannelStatusFlags
                0x000017a8       0x74 ./drivers/fsl_edma.o
                0x000017a8                EDMA_GetChannelStatusFlags
 .text.EDMA_HandleIRQ
                0x0000181c      0x160 ./drivers/fsl_edma.o
                0x0000181c                EDMA_HandleIRQ
 .text.DMA0_DMA16_DriverIRQHandler
                0x0000197c       0x50 ./drivers/fsl_edma.o
                0x0000197c                DMA0_DMA16_DriverIRQHandler
 .text.DMA1_DMA17_DriverIRQHandler
                0x000019cc       0x50 ./drivers/fsl_edma.o
                0x000019cc                DMA1_DMA17_DriverIRQHandler
 .text.DMA2_DMA18_DriverIRQHandler
                0x00001a1c       0x50 ./drivers/fsl_edma.o
                0x00001a1c                DMA2_DMA18_DriverIRQHandler
 .text.DMA3_DMA19_DriverIRQHandler
                0x00001a6c       0x50 ./drivers/fsl_edma.o
                0x00001a6c                DMA3_DMA19_DriverIRQHandler
 .text.DMA4_DMA20_DriverIRQHandler
                0x00001abc       0x50 ./drivers/fsl_edma.o
                0x00001abc                DMA4_DMA20_DriverIRQHandler
 .text.DMA5_DMA21_DriverIRQHandler
                0x00001b0c       0x50 ./drivers/fsl_edma.o
                0x00001b0c                DMA5_DMA21_DriverIRQHandler
 .text.DMA6_DMA22_DriverIRQHandler
                0x00001b5c       0x50 ./drivers/fsl_edma.o
                0x00001b5c                DMA6_DMA22_DriverIRQHandler
 .text.DMA7_DMA23_DriverIRQHandler
                0x00001bac       0x50 ./drivers/fsl_edma.o
                0x00001bac                DMA7_DMA23_DriverIRQHandler
 .text.DMA8_DMA24_DriverIRQHandler
                0x00001bfc       0x50 ./drivers/fsl_edma.o
                0x00001bfc                DMA8_DMA24_DriverIRQHandler
 .text.DMA9_DMA25_DriverIRQHandler
                0x00001c4c       0x50 ./drivers/fsl_edma.o
                0x00001c4c                DMA9_DMA25_DriverIRQHandler
 .text.DMA10_DMA26_DriverIRQHandler
                0x00001c9c       0x50 ./drivers/fsl_edma.o
                0x00001c9c                DMA10_DMA26_DriverIRQHandler
 .text.DMA11_DMA27_DriverIRQHandler
                0x00001cec       0x50 ./drivers/fsl_edma.o
                0x00001cec                DMA11_DMA27_DriverIRQHandler
 .text.DMA12_DMA28_DriverIRQHandler
                0x00001d3c       0x50 ./drivers/fsl_edma.o
                0x00001d3c                DMA12_DMA28_DriverIRQHandler
 .text.DMA13_DMA29_DriverIRQHandler
                0x00001d8c       0x50 ./drivers/fsl_edma.o
                0x00001d8c                DMA13_DMA29_DriverIRQHandler
 .text.DMA14_DMA30_DriverIRQHandler
                0x00001ddc       0x50 ./drivers/fsl_edma.o
                0x00001ddc                DMA14_DMA30_DriverIRQHandler
 .text.DMA15_DMA31_DriverIRQHandler
                0x00001e2c       0x50 ./drivers/fsl_edma.o
                0x00001e2c                DMA15_DMA31_DriverIRQHandler
 .text.CAN0_DriverIRQHandler
                0x00001e7c       0x3c ./drivers/fsl_flexcan.o
                0x00001e7c                CAN0_DriverIRQHandler
 .text.CAN1_DriverIRQHandler
                0x00001eb8       0x3c ./drivers/fsl_flexcan.o
                0x00001eb8                CAN1_DriverIRQHandler
 .text.GPIO_GetInstance
                0x00001ef4       0x4c ./drivers/fsl_gpio.o
 .text.GPIO_PinInit
                0x00001f40       0x68 ./drivers/fsl_gpio.o
                0x00001f40                GPIO_PinInit
 .text.GPIO_PortClearInterruptFlags
                0x00001fa8       0x34 ./drivers/fsl_gpio.o
                0x00001fa8                GPIO_PortClearInterruptFlags
 .text.I2C_GetInstance
                0x00001fdc       0x4c ./drivers/fsl_i2c.o
                0x00001fdc                I2C_GetInstance
 .text.I2C_TransferCommonIRQHandler
                0x00002028       0x58 ./drivers/fsl_i2c.o
 .text.I2C_MasterInit
                0x00002080       0xe4 ./drivers/fsl_i2c.o
                0x00002080                I2C_MasterInit
 .text.I2C_MasterGetDefaultConfig
                0x00002164       0x48 ./drivers/fsl_i2c.o
                0x00002164                I2C_MasterGetDefaultConfig
 .text.I2C_MasterSetBaudRate
                0x000021ac       0xe8 ./drivers/fsl_i2c.o
                0x000021ac                I2C_MasterSetBaudRate
 .text.I2C_MasterTransferBlocking
                0x00002294      0x24c ./drivers/fsl_i2c.o
                0x00002294                I2C_MasterTransferBlocking
 .text.I2C0_DriverIRQHandler
                0x000024e0       0x1c ./drivers/fsl_i2c.o
                0x000024e0                I2C0_DriverIRQHandler
 .text.I2C1_DriverIRQHandler
                0x000024fc       0x1c ./drivers/fsl_i2c.o
                0x000024fc                I2C1_DriverIRQHandler
 .text.I2C2_DriverIRQHandler
                0x00002518       0x1c ./drivers/fsl_i2c.o
                0x00002518                I2C2_DriverIRQHandler
 .text.I2C3_DriverIRQHandler
                0x00002534       0x1c ./drivers/fsl_i2c.o
                0x00002534                I2C3_DriverIRQHandler
 .text.LPUART0_DriverIRQHandler
                0x00002550       0x28 ./drivers/fsl_lpuart.o
                0x00002550                LPUART0_DriverIRQHandler
 .text.PIT_GetInstance
                0x00002578       0x44 ./drivers/fsl_pit.o
 .text.PIT_Init
                0x000025bc       0x94 ./drivers/fsl_pit.o
                0x000025bc                PIT_Init
 .text.RTC_Init
                0x00002650       0xa0 ./drivers/fsl_rtc.o
                0x00002650                RTC_Init
 .text.RTC_GetDefaultConfig
                0x000026f0       0x48 ./drivers/fsl_rtc.o
                0x000026f0                RTC_GetDefaultConfig
 .text.I2S0_Tx_DriverIRQHandler
                0x00002738       0x3c ./drivers/fsl_sai.o
                0x00002738                I2S0_Tx_DriverIRQHandler
 .text.I2S0_Rx_DriverIRQHandler
                0x00002774       0x3c ./drivers/fsl_sai.o
                0x00002774                I2S0_Rx_DriverIRQHandler
 .text.SDHC_DriverIRQHandler
                0x000027b0       0x3c ./drivers/fsl_sdhc.o
                0x000027b0                SDHC_DriverIRQHandler
 .text.UART0_DriverIRQHandler
                0x000027ec       0x28 ./drivers/fsl_uart.o
                0x000027ec                UART0_DriverIRQHandler
 .text.UART1_DriverIRQHandler
                0x00002814       0x28 ./drivers/fsl_uart.o
                0x00002814                UART1_DriverIRQHandler
 .text.UART2_DriverIRQHandler
                0x0000283c       0x28 ./drivers/fsl_uart.o
                0x0000283c                UART2_DriverIRQHandler
 .text.UART3_DriverIRQHandler
                0x00002864       0x28 ./drivers/fsl_uart.o
                0x00002864                UART3_DriverIRQHandler
 .text.UART4_DriverIRQHandler
                0x0000288c       0x28 ./drivers/fsl_uart.o
                0x0000288c                UART4_DriverIRQHandler
 .text.SystemInit
                0x000028b4       0x3c ./device/system_MK66F18.o
                0x000028b4                SystemInit
 .text.BOARD_InitI2C
                0x000028f0       0xbc ./board/board.o
                0x000028f0                BOARD_InitI2C
 .text.BOARD_I2C_GPIO
                0x000029ac       0x78 ./board/board.o
                0x000029ac                BOARD_I2C_GPIO
 .text.BOARD_InitRTC
                0x00002a24       0x30 ./board/board.o
                0x00002a24                BOARD_InitRTC
 .text.CLOCK_SetSimSafeDivs
                0x00002a54       0x24 ./board/clock_config.o
 .text.CLOCK_SetXtal0Freq
                0x00002a78       0x20 ./board/clock_config.o
 .text.CLOCK_SetXtal32Freq
                0x00002a98       0x20 ./board/clock_config.o
 .text.CLOCK_CONFIG_SetRtcClock
                0x00002ab8       0x84 ./board/clock_config.o
 .text.CLOCK_CONFIG_SetFllExtRefDiv
                0x00002b3c       0x3c ./board/clock_config.o
 .text.BOARD_BootClockRUN
                0x00002b78       0x5c ./board/clock_config.o
                0x00002b78                BOARD_BootClockRUN
 .text.BOARD_InitPins
                0x00002bd4      0x56c ./board/pin_mux.o
                0x00002bd4                BOARD_InitPins
 .text.__assertion_failed
                0x00003140       0x4c d:/nxp/mcuxpressoide_11.3.0_5222/ide/plugins/com.nxp.mcuxpresso.tools.win32_11.3.0.202008311133/tools/bin/../lib/gcc/arm-none-eabi/9.3.1/../../../../arm-none-eabi/lib/thumb/v7e-m+fp/hard\libcr_semihost_nf.a(_cr_assert.o)
                0x00003140                __assertion_failed
 .text.__sys_appexit
                0x0000318c        0xc d:/nxp/mcuxpressoide_11.3.0_5222/ide/plugins/com.nxp.mcuxpresso.tools.win32_11.3.0.202008311133/tools/bin/../lib/gcc/arm-none-eabi/9.3.1/../../../../arm-none-eabi/lib/thumb/v7e-m+fp/hard\libcr_semihost_nf.a(__sys_appexit.o)
                0x0000318c                __sys_appexit
                0x0000318c                __exit
 .text._Cwritebuf
                0x00003198       0x6c d:/nxp/mcuxpressoide_11.3.0_5222/ide/plugins/com.nxp.mcuxpresso.tools.win32_11.3.0.202008311133/tools/bin/../lib/gcc/arm-none-eabi/9.3.1/../../../../arm-none-eabi/lib/thumb/v7e-m+fp/hard\libcr_c.a(_writebuf.o)
                0x00003198                _Cwritebuf
 .text.malloc   0x00003204       0xc8 d:/nxp/mcuxpressoide_11.3.0_5222/ide/plugins/com.nxp.mcuxpresso.tools.win32_11.3.0.202008311133/tools/bin/../lib/gcc/arm-none-eabi/9.3.1/../../../../arm-none-eabi/lib/thumb/v7e-m+fp/hard\libcr_c.a(alloc.o)
                0x00003204                malloc
 .text._Csys_alloc
                0x000032cc       0x20 d:/nxp/mcuxpressoide_11.3.0_5222/ide/plugins/com.nxp.mcuxpresso.tools.win32_11.3.0.202008311133/tools/bin/../lib/gcc/arm-none-eabi/9.3.1/../../../../arm-none-eabi/lib/thumb/v7e-m+fp/hard\libcr_c.a(alloc.o)
                0x000032cc                _Csys_alloc
 .text.fseek    0x000032ec      0x100 d:/nxp/mcuxpressoide_11.3.0_5222/ide/plugins/com.nxp.mcuxpresso.tools.win32_11.3.0.202008311133/tools/bin/../lib/gcc/arm-none-eabi/9.3.1/../../../../arm-none-eabi/lib/thumb/v7e-m+fp/hard\libcr_c.a(fseek.o)
                0x000032ec                fseek
 .text.ftell    0x000033ec       0x44 d:/nxp/mcuxpressoide_11.3.0_5222/ide/plugins/com.nxp.mcuxpresso.tools.win32_11.3.0.202008311133/tools/bin/../lib/gcc/arm-none-eabi/9.3.1/../../../../arm-none-eabi/lib/thumb/v7e-m+fp/hard\libcr_c.a(ftell.o)
                0x000033ec                ftell
 .text._initio  0x00003430       0x78 d:/nxp/mcuxpressoide_11.3.0_5222/ide/plugins/com.nxp.mcuxpresso.tools.win32_11.3.0.202008311133/tools/bin/../lib/gcc/arm-none-eabi/9.3.1/../../../../arm-none-eabi/lib/thumb/v7e-m+fp/hard\libcr_c.a(initio.o)
                0x00003430                _initio
 .text._sbrk    0x000034a8       0x3c d:/nxp/mcuxpressoide_11.3.0_5222/ide/plugins/com.nxp.mcuxpresso.tools.win32_11.3.0.202008311133/tools/bin/../lib/gcc/arm-none-eabi/9.3.1/../../../../arm-none-eabi/lib/thumb/v7e-m+fp/hard\libcr_c.a(_cr_sbrk.o)
                0x000034a8                _sbrk
 .text.fflush   0x000034e4       0x44 d:/nxp/mcuxpressoide_11.3.0_5222/ide/plugins/com.nxp.mcuxpresso.tools.win32_11.3.0.202008311133/tools/bin/../lib/gcc/arm-none-eabi/9.3.1/../../../../arm-none-eabi/lib/thumb/v7e-m+fp/hard\libcr_c.a(fflush.o)
                0x000034e4                fflush
 .text.__check_heap_overflow
                0x00003528       0x18 d:/nxp/mcuxpressoide_11.3.0_5222/ide/plugins/com.nxp.mcuxpresso.tools.win32_11.3.0.202008311133/tools/bin/../lib/gcc/arm-none-eabi/9.3.1/../../../../arm-none-eabi/lib/thumb/v7e-m+fp/hard\libcr_c.a(_cr_check_heap.o)
                0x00003528                __check_heap_overflow
 .text.DMA0_DMA16_IRQHandler
                0x00003540        0x8 ./startup/startup_mk66f18.o
                0x00003540                DMA0_DMA16_IRQHandler
 .text.DMA1_DMA17_IRQHandler
                0x00003548        0x8 ./startup/startup_mk66f18.o
                0x00003548                DMA1_DMA17_IRQHandler
 .text.DMA2_DMA18_IRQHandler
                0x00003550        0x8 ./startup/startup_mk66f18.o
                0x00003550                DMA2_DMA18_IRQHandler
 .text.DMA3_DMA19_IRQHandler
                0x00003558        0x8 ./startup/startup_mk66f18.o
                0x00003558                DMA3_DMA19_IRQHandler
 .text.DMA4_DMA20_IRQHandler
                0x00003560        0x8 ./startup/startup_mk66f18.o
                0x00003560                DMA4_DMA20_IRQHandler
 .text.DMA5_DMA21_IRQHandler
                0x00003568        0x8 ./startup/startup_mk66f18.o
                0x00003568                DMA5_DMA21_IRQHandler
 .text.DMA6_DMA22_IRQHandler
                0x00003570        0x8 ./startup/startup_mk66f18.o
                0x00003570                DMA6_DMA22_IRQHandler
 .text.DMA7_DMA23_IRQHandler
                0x00003578        0x8 ./startup/startup_mk66f18.o
                0x00003578                DMA7_DMA23_IRQHandler
 .text.DMA8_DMA24_IRQHandler
                0x00003580        0x8 ./startup/startup_mk66f18.o
                0x00003580                DMA8_DMA24_IRQHandler
 .text.DMA9_DMA25_IRQHandler
                0x00003588        0x8 ./startup/startup_mk66f18.o
                0x00003588                DMA9_DMA25_IRQHandler
 .text.DMA10_DMA26_IRQHandler
                0x00003590        0x8 ./startup/startup_mk66f18.o
                0x00003590                DMA10_DMA26_IRQHandler
 .text.DMA11_DMA27_IRQHandler
                0x00003598        0x8 ./startup/startup_mk66f18.o
                0x00003598                DMA11_DMA27_IRQHandler
 .text.DMA12_DMA28_IRQHandler
                0x000035a0        0x8 ./startup/startup_mk66f18.o
                0x000035a0                DMA12_DMA28_IRQHandler
 .text.DMA13_DMA29_IRQHandler
                0x000035a8        0x8 ./startup/startup_mk66f18.o
                0x000035a8                DMA13_DMA29_IRQHandler
 .text.DMA14_DMA30_IRQHandler
                0x000035b0        0x8 ./startup/startup_mk66f18.o
                0x000035b0                DMA14_DMA30_IRQHandler
 .text.DMA15_DMA31_IRQHandler
                0x000035b8        0x8 ./startup/startup_mk66f18.o
                0x000035b8                DMA15_DMA31_IRQHandler
 .text.DMA_Error_IRQHandler
                0x000035c0        0x8 ./startup/startup_mk66f18.o
                0x000035c0                DMA_Error_IRQHandler
 .text.MCM_IRQHandler
                0x000035c8        0x8 ./startup/startup_mk66f18.o
                0x000035c8                MCM_IRQHandler
 .text.FTFE_IRQHandler
                0x000035d0        0x8 ./startup/startup_mk66f18.o
                0x000035d0                FTFE_IRQHandler
 .text.Read_Collision_IRQHandler
                0x000035d8        0x8 ./startup/startup_mk66f18.o
                0x000035d8                Read_Collision_IRQHandler
 .text.LVD_LVW_IRQHandler
                0x000035e0        0x8 ./startup/startup_mk66f18.o
                0x000035e0                LVD_LVW_IRQHandler
 .text.LLWU_IRQHandler
                0x000035e8        0x8 ./startup/startup_mk66f18.o
                0x000035e8                LLWU_IRQHandler
 .text.WDOG_EWM_IRQHandler
                0x000035f0        0x8 ./startup/startup_mk66f18.o
                0x000035f0                WDOG_EWM_IRQHandler
 .text.RNG_IRQHandler
                0x000035f8        0x8 ./startup/startup_mk66f18.o
                0x000035f8                RNG_IRQHandler
 .text.I2C0_IRQHandler
                0x00003600        0x8 ./startup/startup_mk66f18.o
                0x00003600                I2C0_IRQHandler
 .text.I2C1_IRQHandler
                0x00003608        0x8 ./startup/startup_mk66f18.o
                0x00003608                I2C1_IRQHandler
 .text.SPI0_IRQHandler
                0x00003610        0x8 ./startup/startup_mk66f18.o
                0x00003610                SPI0_IRQHandler
 .text.SPI1_IRQHandler
                0x00003618        0x8 ./startup/startup_mk66f18.o
                0x00003618                SPI1_IRQHandler
 .text.I2S0_Tx_IRQHandler
                0x00003620        0x8 ./startup/startup_mk66f18.o
                0x00003620                I2S0_Tx_IRQHandler
 .text.I2S0_Rx_IRQHandler
                0x00003628        0x8 ./startup/startup_mk66f18.o
                0x00003628                I2S0_Rx_IRQHandler
 .text.Reserved46_IRQHandler
                0x00003630        0x8 ./startup/startup_mk66f18.o
                0x00003630                Reserved46_IRQHandler
 .text.UART0_RX_TX_IRQHandler
                0x00003638        0x8 ./startup/startup_mk66f18.o
                0x00003638                UART0_RX_TX_IRQHandler
 .text.UART0_ERR_IRQHandler
                0x00003640        0x8 ./startup/startup_mk66f18.o
                0x00003640                UART0_ERR_IRQHandler
 .text.UART1_RX_TX_IRQHandler
                0x00003648        0x8 ./startup/startup_mk66f18.o
                0x00003648                UART1_RX_TX_IRQHandler
 .text.UART1_ERR_IRQHandler
                0x00003650        0x8 ./startup/startup_mk66f18.o
                0x00003650                UART1_ERR_IRQHandler
 .text.UART2_RX_TX_IRQHandler
                0x00003658        0x8 ./startup/startup_mk66f18.o
                0x00003658                UART2_RX_TX_IRQHandler
 .text.UART2_ERR_IRQHandler
                0x00003660        0x8 ./startup/startup_mk66f18.o
                0x00003660                UART2_ERR_IRQHandler
 .text.UART3_RX_TX_IRQHandler
                0x00003668        0x8 ./startup/startup_mk66f18.o
                0x00003668                UART3_RX_TX_IRQHandler
 .text.UART3_ERR_IRQHandler
                0x00003670        0x8 ./startup/startup_mk66f18.o
                0x00003670                UART3_ERR_IRQHandler
 .text.ADC0_IRQHandler
                0x00003678        0x8 ./startup/startup_mk66f18.o
                0x00003678                ADC0_IRQHandler
 .text.CMP0_IRQHandler
                0x00003680        0x8 ./startup/startup_mk66f18.o
                0x00003680                CMP0_IRQHandler
 .text.CMP1_IRQHandler
                0x00003688        0x8 ./startup/startup_mk66f18.o
                0x00003688                CMP1_IRQHandler
 .text.FTM0_IRQHandler
                0x00003690        0x8 ./startup/startup_mk66f18.o
                0x00003690                FTM0_IRQHandler
 .text.FTM1_IRQHandler
                0x00003698        0x8 ./startup/startup_mk66f18.o
                0x00003698                FTM1_IRQHandler
 .text.FTM2_IRQHandler
                0x000036a0        0x8 ./startup/startup_mk66f18.o
                0x000036a0                FTM2_IRQHandler
 .text.CMT_IRQHandler
                0x000036a8        0x8 ./startup/startup_mk66f18.o
                0x000036a8                CMT_IRQHandler
 .text.RTC_IRQHandler
                0x000036b0        0x8 ./startup/startup_mk66f18.o
                0x000036b0                RTC_IRQHandler
 .text.RTC_Seconds_IRQHandler
                0x000036b8        0x8 ./startup/startup_mk66f18.o
                0x000036b8                RTC_Seconds_IRQHandler
 .text.PIT1_IRQHandler
                0x000036c0        0x8 ./startup/startup_mk66f18.o
                0x000036c0                PIT1_IRQHandler
 .text.PIT2_IRQHandler
                0x000036c8        0x8 ./startup/startup_mk66f18.o
                0x000036c8                PIT2_IRQHandler
 .text.PIT3_IRQHandler
                0x000036d0        0x8 ./startup/startup_mk66f18.o
                0x000036d0                PIT3_IRQHandler
 .text.PDB0_IRQHandler
                0x000036d8        0x8 ./startup/startup_mk66f18.o
                0x000036d8                PDB0_IRQHandler
 .text.USB0_IRQHandler
                0x000036e0        0x8 ./startup/startup_mk66f18.o
                0x000036e0                USB0_IRQHandler
 .text.USBDCD_IRQHandler
                0x000036e8        0x8 ./startup/startup_mk66f18.o
                0x000036e8                USBDCD_IRQHandler
 .text.Reserved71_IRQHandler
                0x000036f0        0x8 ./startup/startup_mk66f18.o
                0x000036f0                Reserved71_IRQHandler
 .text.DAC0_IRQHandler
                0x000036f8        0x8 ./startup/startup_mk66f18.o
                0x000036f8                DAC0_IRQHandler
 .text.MCG_IRQHandler
                0x00003700        0x8 ./startup/startup_mk66f18.o
                0x00003700                MCG_IRQHandler
 .text.LPTMR0_IRQHandler
                0x00003708        0x8 ./startup/startup_mk66f18.o
                0x00003708                LPTMR0_IRQHandler
 .text.PORTA_IRQHandler
                0x00003710        0x8 ./startup/startup_mk66f18.o
                0x00003710                PORTA_IRQHandler
 .text.PORTC_IRQHandler
                0x00003718        0x8 ./startup/startup_mk66f18.o
                0x00003718                PORTC_IRQHandler
 .text.PORTD_IRQHandler
                0x00003720        0x8 ./startup/startup_mk66f18.o
                0x00003720                PORTD_IRQHandler
 .text.PORTE_IRQHandler
                0x00003728        0x8 ./startup/startup_mk66f18.o
                0x00003728                PORTE_IRQHandler
 .text.SWI_IRQHandler
                0x00003730        0x8 ./startup/startup_mk66f18.o
                0x00003730                SWI_IRQHandler
 .text.SPI2_IRQHandler
                0x00003738        0x8 ./startup/startup_mk66f18.o
                0x00003738                SPI2_IRQHandler
 .text.UART4_RX_TX_IRQHandler
                0x00003740        0x8 ./startup/startup_mk66f18.o
                0x00003740                UART4_RX_TX_IRQHandler
 .text.UART4_ERR_IRQHandler
                0x00003748        0x8 ./startup/startup_mk66f18.o
                0x00003748                UART4_ERR_IRQHandler
 .text.Reserved84_IRQHandler
                0x00003750        0x8 ./startup/startup_mk66f18.o
                0x00003750                Reserved84_IRQHandler
 .text.Reserved85_IRQHandler
                0x00003758        0x8 ./startup/startup_mk66f18.o
                0x00003758                Reserved85_IRQHandler
 .text.CMP2_IRQHandler
                0x00003760        0x8 ./startup/startup_mk66f18.o
                0x00003760                CMP2_IRQHandler
 .text.FTM3_IRQHandler
                0x00003768        0x8 ./startup/startup_mk66f18.o
                0x00003768                FTM3_IRQHandler
 .text.DAC1_IRQHandler
                0x00003770        0x8 ./startup/startup_mk66f18.o
                0x00003770                DAC1_IRQHandler
 .text.ADC1_IRQHandler
                0x00003778        0x8 ./startup/startup_mk66f18.o
                0x00003778                ADC1_IRQHandler
 .text.I2C2_IRQHandler
                0x00003780        0x8 ./startup/startup_mk66f18.o
                0x00003780                I2C2_IRQHandler
 .text.CAN0_ORed_Message_buffer_IRQHandler
                0x00003788        0x8 ./startup/startup_mk66f18.o
                0x00003788                CAN0_ORed_Message_buffer_IRQHandler
 .text.CAN0_Bus_Off_IRQHandler
                0x00003790        0x8 ./startup/startup_mk66f18.o
                0x00003790                CAN0_Bus_Off_IRQHandler
 .text.CAN0_Error_IRQHandler
                0x00003798        0x8 ./startup/startup_mk66f18.o
                0x00003798                CAN0_Error_IRQHandler
 .text.CAN0_Tx_Warning_IRQHandler
                0x000037a0        0x8 ./startup/startup_mk66f18.o
                0x000037a0                CAN0_Tx_Warning_IRQHandler
 .text.CAN0_Rx_Warning_IRQHandler
                0x000037a8        0x8 ./startup/startup_mk66f18.o
                0x000037a8                CAN0_Rx_Warning_IRQHandler
 .text.CAN0_Wake_Up_IRQHandler
                0x000037b0        0x8 ./startup/startup_mk66f18.o
                0x000037b0                CAN0_Wake_Up_IRQHandler
 .text.SDHC_IRQHandler
                0x000037b8        0x8 ./startup/startup_mk66f18.o
                0x000037b8                SDHC_IRQHandler
 .text.ENET_1588_Timer_IRQHandler
                0x000037c0        0x8 ./startup/startup_mk66f18.o
                0x000037c0                ENET_1588_Timer_IRQHandler
 .text.ENET_Transmit_IRQHandler
                0x000037c8        0x8 ./startup/startup_mk66f18.o
                0x000037c8                ENET_Transmit_IRQHandler
 .text.ENET_Receive_IRQHandler
                0x000037d0        0x8 ./startup/startup_mk66f18.o
                0x000037d0                ENET_Receive_IRQHandler
 .text.ENET_Error_IRQHandler
                0x000037d8        0x8 ./startup/startup_mk66f18.o
                0x000037d8                ENET_Error_IRQHandler
 .text.LPUART0_IRQHandler
                0x000037e0        0x8 ./startup/startup_mk66f18.o
                0x000037e0                LPUART0_IRQHandler
 .text.TSI0_IRQHandler
                0x000037e8        0x8 ./startup/startup_mk66f18.o
                0x000037e8                TSI0_IRQHandler
 .text.TPM1_IRQHandler
                0x000037f0        0x8 ./startup/startup_mk66f18.o
                0x000037f0                TPM1_IRQHandler
 .text.TPM2_IRQHandler
                0x000037f8        0x8 ./startup/startup_mk66f18.o
                0x000037f8                TPM2_IRQHandler
 .text.USBHSDCD_IRQHandler
                0x00003800        0x8 ./startup/startup_mk66f18.o
                0x00003800                USBHSDCD_IRQHandler
 .text.I2C3_IRQHandler
                0x00003808        0x8 ./startup/startup_mk66f18.o
                0x00003808                I2C3_IRQHandler
 .text.CMP3_IRQHandler
                0x00003810        0x8 ./startup/startup_mk66f18.o
                0x00003810                CMP3_IRQHandler
 .text.USBHS_IRQHandler
                0x00003818        0x8 ./startup/startup_mk66f18.o
                0x00003818                USBHS_IRQHandler
 .text.CAN1_ORed_Message_buffer_IRQHandler
                0x00003820        0x8 ./startup/startup_mk66f18.o
                0x00003820                CAN1_ORed_Message_buffer_IRQHandler
 .text.CAN1_Bus_Off_IRQHandler
                0x00003828        0x8 ./startup/startup_mk66f18.o
                0x00003828                CAN1_Bus_Off_IRQHandler
 .text.CAN1_Error_IRQHandler
                0x00003830        0x8 ./startup/startup_mk66f18.o
                0x00003830                CAN1_Error_IRQHandler
 .text.CAN1_Tx_Warning_IRQHandler
                0x00003838        0x8 ./startup/startup_mk66f18.o
                0x00003838                CAN1_Tx_Warning_IRQHandler
 .text.CAN1_Rx_Warning_IRQHandler
                0x00003840        0x8 ./startup/startup_mk66f18.o
                0x00003840                CAN1_Rx_Warning_IRQHandler
 .text.CAN1_Wake_Up_IRQHandler
                0x00003848        0x8 ./startup/startup_mk66f18.o
                0x00003848                CAN1_Wake_Up_IRQHandler
 .text.GPIO_PortSet
                0x00003850       0x1c ./source/CDK66_OLED.o
 .text.GPIO_PortClear
                0x0000386c       0x1c ./source/CDK66_OLED.o
 .text.OLED_Delay_ms
                0x00003888       0x26 ./source/CDK66_OLED.o
                0x00003888                OLED_Delay_ms
 .text.OLED_Set_Pos
                0x000038ae       0x44 ./source/CDK66_OLED.o
                0x000038ae                OLED_Set_Pos
 .text.OLED_Fill
                0x000038f2       0x5a ./source/CDK66_OLED.o
                0x000038f2                OLED_Fill
 .text.OLED_Print_Num
                0x0000394c       0x54 ./source/CDK66_OLED.o
                0x0000394c                OLED_Print_Num
 .text.EnableIRQ
                0x000039a0       0x2c ./source/CDK66_Ref1.o
 .text.GPIO_PortSet
                0x000039cc       0x1c ./source/CDK66_Ref1.o
 .text.GPIO_PortClear
                0x000039e8       0x1c ./source/CDK66_Ref1.o
 .text.GPIO_PinRead
                0x00003a04       0x24 ./source/CDK66_Ref1.o
 .text.PIT_EnableInterrupts
                0x00003a28       0x3a ./source/CDK66_Ref1.o
 .text.PIT_ClearStatusFlags
                0x00003a62       0x2a ./source/CDK66_Ref1.o
 .text.PIT_SetTimerPeriod
                0x00003a8c       0x28 ./source/CDK66_Ref1.o
 .text.PIT_StartTimer
                0x00003ab4       0x38 ./source/CDK66_Ref1.o
 .text.HardFault_Handler
                0x00003aec       0x2c ./source/semihost_hardfault.o
                0x00003aec                HardFault_Handler
 .text.OSC_SetExtRefClkConfig
                0x00003b18       0x40 ./drivers/fsl_clock.o
 .text.OSC_SetCapLoad
                0x00003b58       0x34 ./drivers/fsl_clock.o
 .text.CLOCK_GetPll0RefFreq
                0x00003b8c        0xe ./drivers/fsl_clock.o
 .text.CLOCK_GetFixedFreqClkFreq
                0x00003b9a       0x34 ./drivers/fsl_clock.o
                0x00003b9a                CLOCK_GetFixedFreqClkFreq
 .text.DSPI_IsMaster
                0x00003bce       0x26 ./drivers/fsl_dspi.o
 .text.GPIO_PinWrite
                0x00003bf4       0x3a ./drivers/fsl_gpio.o
 .text.CLOCK_EnableClock
                0x00003c2e       0x34 ./drivers/fsl_i2c.o
 .text.I2C_MasterClearStatusFlags
                0x00003c62       0x5a ./drivers/fsl_i2c.o
 .text.I2C_CheckAndClearError
                0x00003cbc       0x44 ./drivers/fsl_i2c.o
 .text.I2C_MasterStart
                0x00003d00       0x62 ./drivers/fsl_i2c.o
                0x00003d00                I2C_MasterStart
 .text.I2C_MasterRepeatedStart
                0x00003d62       0x9a ./drivers/fsl_i2c.o
                0x00003d62                I2C_MasterRepeatedStart
 .text.I2C_MasterStop
                0x00003dfc       0x3a ./drivers/fsl_i2c.o
                0x00003dfc                I2C_MasterStop
 .text.I2C_MasterGetStatusFlags
                0x00003e36       0x4a ./drivers/fsl_i2c.o
                0x00003e36                I2C_MasterGetStatusFlags
 .text.I2C_MasterWriteBlocking
                0x00003e80       0xdc ./drivers/fsl_i2c.o
                0x00003e80                I2C_MasterWriteBlocking
 .text.I2C_MasterReadBlocking
                0x00003f5c       0xdc ./drivers/fsl_i2c.o
                0x00003f5c                I2C_MasterReadBlocking
 .text.CLOCK_EnableClock
                0x00004038       0x34 ./drivers/fsl_pit.o
 .text.CLOCK_EnableClock
                0x0000406c       0x34 ./drivers/fsl_rtc.o
 .text.RTC_Reset
                0x000040a0       0x32 ./drivers/fsl_rtc.o
 .text.RTC_GetStatusFlags
                0x000040d2       0x6a ./drivers/fsl_rtc.o
                0x000040d2                RTC_GetStatusFlags
 .text.UART0_RX_TX_DriverIRQHandler
                0x0000413c       0x12 ./drivers/fsl_uart.o
                0x0000413c                UART0_RX_TX_DriverIRQHandler
 .text.UART1_RX_TX_DriverIRQHandler
                0x0000414e       0x12 ./drivers/fsl_uart.o
                0x0000414e                UART1_RX_TX_DriverIRQHandler
 .text.UART2_RX_TX_DriverIRQHandler
                0x00004160       0x12 ./drivers/fsl_uart.o
                0x00004160                UART2_RX_TX_DriverIRQHandler
 .text.UART3_RX_TX_DriverIRQHandler
                0x00004172       0x12 ./drivers/fsl_uart.o
                0x00004172                UART3_RX_TX_DriverIRQHandler
 .text.UART4_RX_TX_DriverIRQHandler
                0x00004184       0x12 ./drivers/fsl_uart.o
                0x00004184                UART4_RX_TX_DriverIRQHandler
 .text.SystemInitHook
                0x00004196        0xe ./device/system_MK66F18.o
                0x00004196                SystemInitHook
 .text.RTC_SetClockSource
                0x000041a4       0x20 ./board/board.o
 .text.delay    0x000041c4       0x28 ./board/board.o
                0x000041c4                delay
 .text.delay_short
                0x000041ec       0x28 ./board/board.o
                0x000041ec                delay_short
 .text.InverseByteBits
                0x00004214       0x70 ./board/board.o
                0x00004214                InverseByteBits
 .text.CLOCK_EnableClock
                0x00004284       0x34 ./board/clock_config.o
 .text.CLOCK_DisableClock
                0x000042b8       0x38 ./board/clock_config.o
 .text.RTC_SetOscCapLoad
                0x000042f0       0x32 ./board/clock_config.o
 .text.BOARD_InitBootClocks
                0x00004322        0xc ./board/clock_config.o
                0x00004322                BOARD_InitBootClocks
 .text.BOARD_InitPeripherals
                0x0000432e        0xe ./board/peripherals.o
                0x0000432e                BOARD_InitPeripherals
 .text.BOARD_InitBootPeripherals
                0x0000433c        0xc ./board/peripherals.o
                0x0000433c                BOARD_InitBootPeripherals
 .text.CLOCK_EnableClock
                0x00004348       0x34 ./board/pin_mux.o
 .text.PORT_SetPinMux
                0x0000437c       0x3a ./board/pin_mux.o
 .text.PORT_SetPinInterruptConfig
                0x000043b6       0x3a ./board/pin_mux.o
 .text.BOARD_InitBootPins
                0x000043f0        0xc ./board/pin_mux.o
                0x000043f0                BOARD_InitBootPins
 .text.__main   0x000043fc        0xe d:/nxp/mcuxpressoide_11.3.0_5222/ide/plugins/com.nxp.mcuxpresso.tools.win32_11.3.0.202008311133/tools/bin/../lib/gcc/arm-none-eabi/9.3.1/../../../../arm-none-eabi/lib/thumb/v7e-m+fp/hard\libcr_semihost_nf.a(_cr__main.o)
                0x000043fc                __CR_SEMIHOST
                0x000043fc                __main
 .text.memset   0x0000440a        0x4 d:/nxp/mcuxpressoide_11.3.0_5222/ide/plugins/com.nxp.mcuxpresso.tools.win32_11.3.0.202008311133/tools/bin/../lib/gcc/arm-none-eabi/9.3.1/../../../../arm-none-eabi/lib/thumb/v7e-m+fp/hard\libcr_c.a(memset.o)
                0x0000440a                memset
 .text._deferredlazyseek
                0x0000440e       0x40 d:/nxp/mcuxpressoide_11.3.0_5222/ide/plugins/com.nxp.mcuxpresso.tools.win32_11.3.0.202008311133/tools/bin/../lib/gcc/arm-none-eabi/9.3.1/../../../../arm-none-eabi/lib/thumb/v7e-m+fp/hard\libcr_c.a(_deferredlazyseek.o)
                0x0000440e                _deferredlazyseek
 .text.__flsbuf
                0x0000444e      0x140 d:/nxp/mcuxpressoide_11.3.0_5222/ide/plugins/com.nxp.mcuxpresso.tools.win32_11.3.0.202008311133/tools/bin/../lib/gcc/arm-none-eabi/9.3.1/../../../../arm-none-eabi/lib/thumb/v7e-m+fp/hard\libcr_c.a(_deferredlazyseek.o)
                0x0000444e                __flsbuf
 .text._fflush  0x0000458e       0x52 d:/nxp/mcuxpressoide_11.3.0_5222/ide/plugins/com.nxp.mcuxpresso.tools.win32_11.3.0.202008311133/tools/bin/../lib/gcc/arm-none-eabi/9.3.1/../../../../arm-none-eabi/lib/thumb/v7e-m+fp/hard\libcr_c.a(_fflush.o)
                0x0000458e                _fflush
 .text.free     0x000045e0       0x30 d:/nxp/mcuxpressoide_11.3.0_5222/ide/plugins/com.nxp.mcuxpresso.tools.win32_11.3.0.202008311133/tools/bin/../lib/gcc/arm-none-eabi/9.3.1/../../../../arm-none-eabi/lib/thumb/v7e-m+fp/hard\libcr_c.a(alloc.o)
                0x000045e0                free
 .text.fputs    0x00004610       0x2c d:/nxp/mcuxpressoide_11.3.0_5222/ide/plugins/com.nxp.mcuxpresso.tools.win32_11.3.0.202008311133/tools/bin/../lib/gcc/arm-none-eabi/9.3.1/../../../../arm-none-eabi/lib/thumb/v7e-m+fp/hard\libcr_c.a(fputs.o)
                0x00004610                fputs
 .text.setvbuf  0x0000463c       0x3e d:/nxp/mcuxpressoide_11.3.0_5222/ide/plugins/com.nxp.mcuxpresso.tools.win32_11.3.0.202008311133/tools/bin/../lib/gcc/arm-none-eabi/9.3.1/../../../../arm-none-eabi/lib/thumb/v7e-m+fp/hard\libcr_c.a(setvbuf.o)
                0x0000463c                setvbuf
 .text._fdopen  0x0000467a       0x68 d:/nxp/mcuxpressoide_11.3.0_5222/ide/plugins/com.nxp.mcuxpresso.tools.win32_11.3.0.202008311133/tools/bin/../lib/gcc/arm-none-eabi/9.3.1/../../../../arm-none-eabi/lib/thumb/v7e-m+fp/hard\libcr_c.a(_fdopen.o)
                0x0000467a                _fdopen
 .text.fclose   0x000046e2       0x58 d:/nxp/mcuxpressoide_11.3.0_5222/ide/plugins/com.nxp.mcuxpresso.tools.win32_11.3.0.202008311133/tools/bin/../lib/gcc/arm-none-eabi/9.3.1/../../../../arm-none-eabi/lib/thumb/v7e-m+fp/hard\libcr_c.a(fclose.o)
                0x000046e2                fclose
 .text.remove   0x0000473a       0x14 d:/nxp/mcuxpressoide_11.3.0_5222/ide/plugins/com.nxp.mcuxpresso.tools.win32_11.3.0.202008311133/tools/bin/../lib/gcc/arm-none-eabi/9.3.1/../../../../arm-none-eabi/lib/thumb/v7e-m+fp/hard\libcr_c.a(remove.o)
                0x0000473a                remove
 .text.strlen   0x0000474e       0x4c d:/nxp/mcuxpressoide_11.3.0_5222/ide/plugins/com.nxp.mcuxpresso.tools.win32_11.3.0.202008311133/tools/bin/../lib/gcc/arm-none-eabi/9.3.1/../../../../arm-none-eabi/lib/thumb/v7e-m+fp/hard\libcr_c.a(strlen.o)
                0x0000474e                strlen
 .text._do_fflush
                0x0000479a       0x40 d:/nxp/mcuxpressoide_11.3.0_5222/ide/plugins/com.nxp.mcuxpresso.tools.win32_11.3.0.202008311133/tools/bin/../lib/gcc/arm-none-eabi/9.3.1/../../../../arm-none-eabi/lib/thumb/v7e-m+fp/hard\libcr_c.a(_do_fflush.o)
                0x0000479a                _do_fflush
 .text.__aeabi_division_uldivmod
                0x000047da      0x174 d:/nxp/mcuxpressoide_11.3.0_5222/ide/plugins/com.nxp.mcuxpresso.tools.win32_11.3.0.202008311133/tools/bin/../lib/gcc/arm-none-eabi/9.3.1/thumb/v7e-m+fp/hard\libcr_eabihelpers.a(division_64.o)
                0x000047da                __aeabi_uldivmod
                0x000047de                __bhs_ldivmod1
 .text.__aeabi_division_idiv0
                0x0000494e        0x2 d:/nxp/mcuxpressoide_11.3.0_5222/ide/plugins/com.nxp.mcuxpresso.tools.win32_11.3.0.202008311133/tools/bin/../lib/gcc/arm-none-eabi/9.3.1/thumb/v7e-m+fp/hard\libcr_eabihelpers.a(division_idiv0.o)
                0x0000494e                __aeabi_idiv0
 .text.__aeabi_memset_lowlevel
                0x00004950       0x32 d:/nxp/mcuxpressoide_11.3.0_5222/ide/plugins/com.nxp.mcuxpresso.tools.win32_11.3.0.202008311133/tools/bin/../lib/gcc/arm-none-eabi/9.3.1/thumb/v7e-m+fp/hard\libcr_eabihelpers.a(memcpy.o)
                0x00004950                __aeabi_lowlevel_memset
 .text.__sys_close
                0x00004982        0xc d:/nxp/mcuxpressoide_11.3.0_5222/ide/plugins/com.nxp.mcuxpresso.tools.win32_11.3.0.202008311133/tools/bin/../lib/gcc/arm-none-eabi/9.3.1/../../../../arm-none-eabi/lib/thumb/v7e-m+fp/hard\libcr_semihost_nf.a(__sys_close.o)
                0x00004982                __sys_close
 .text.__sys_flen
                0x0000498e        0xc d:/nxp/mcuxpressoide_11.3.0_5222/ide/plugins/com.nxp.mcuxpresso.tools.win32_11.3.0.202008311133/tools/bin/../lib/gcc/arm-none-eabi/9.3.1/../../../../arm-none-eabi/lib/thumb/v7e-m+fp/hard\libcr_semihost_nf.a(__sys_flen.o)
                0x0000498e                __sys_flen
 .text.__sys_istty
                0x0000499a        0xc d:/nxp/mcuxpressoide_11.3.0_5222/ide/plugins/com.nxp.mcuxpresso.tools.win32_11.3.0.202008311133/tools/bin/../lib/gcc/arm-none-eabi/9.3.1/../../../../arm-none-eabi/lib/thumb/v7e-m+fp/hard\libcr_semihost_nf.a(__sys_istty.o)
                0x0000499a                __sys_istty
 .text.__sys_remove
                0x000049a6        0xc d:/nxp/mcuxpressoide_11.3.0_5222/ide/plugins/com.nxp.mcuxpresso.tools.win32_11.3.0.202008311133/tools/bin/../lib/gcc/arm-none-eabi/9.3.1/../../../../arm-none-eabi/lib/thumb/v7e-m+fp/hard\libcr_semihost_nf.a(__sys_remove.o)
                0x000049a6                __sys_remove
 .text.__sys_seek
                0x000049b2        0xc d:/nxp/mcuxpressoide_11.3.0_5222/ide/plugins/com.nxp.mcuxpresso.tools.win32_11.3.0.202008311133/tools/bin/../lib/gcc/arm-none-eabi/9.3.1/../../../../arm-none-eabi/lib/thumb/v7e-m+fp/hard\libcr_semihost_nf.a(__sys_seek.o)
                0x000049b2                __sys_seek
 .text.__sys_tmpnam
                0x000049be        0xc d:/nxp/mcuxpressoide_11.3.0_5222/ide/plugins/com.nxp.mcuxpresso.tools.win32_11.3.0.202008311133/tools/bin/../lib/gcc/arm-none-eabi/9.3.1/../../../../arm-none-eabi/lib/thumb/v7e-m+fp/hard\libcr_semihost_nf.a(__sys_tmpnam.o)
                0x000049be                __sys_tmpnam
 .text.__sys_write
                0x000049ca        0xc d:/nxp/mcuxpressoide_11.3.0_5222/ide/plugins/com.nxp.mcuxpresso.tools.win32_11.3.0.202008311133/tools/bin/../lib/gcc/arm-none-eabi/9.3.1/../../../../arm-none-eabi/lib/thumb/v7e-m+fp/hard\libcr_semihost_nf.a(__sys_write.o)
                0x000049ca                __sys_write
 *(SORT_BY_ALIGNMENT(.rodata) SORT_BY_ALIGNMENT(.rodata.*) SORT_BY_ALIGNMENT(.constdata) SORT_BY_ALIGNMENT(.constdata.*))
 *fill*         0x000049d6        0x2 ff
 .rodata.F8X16  0x000049d8      0x5f0 ./source/CDK66_OLED.o
                0x000049d8                F8X16
 .rodata.PIT_GetDefaultConfig.str1.4
                0x00004fc8       0x48 ./source/CDK66_Ref1.o
 .rodata.Task1.str1.4
                0x00005010        0xb ./source/CDK66_Ref1.o
 *fill*         0x0000501b        0x1 ff
 .rodata.initVar.str1.4
                0x0000501c        0xd ./source/CDK66_Ref1.o
 *fill*         0x00005029        0x3 ff
 .rodata.CLOCK_GetMcgExtClkFreq.str1.4
                0x0000502c       0x4e ./drivers/fsl_clock.o
 *fill*         0x0000507a        0x2 ff
 .rodata.CLOCK_GetOsc0ErClkUndivFreq.str1.4
                0x0000507c       0x1f ./drivers/fsl_clock.o
 *fill*         0x0000509b        0x1 ff
 .rodata.CLOCK_GetOsc0ErClkDivFreq.str1.4
                0x0000509c       0x1f ./drivers/fsl_clock.o
 *fill*         0x000050bb        0x1 ff
 .rodata.CLOCK_GetEr32kClkFreq.str1.4
                0x000050bc       0x20 ./drivers/fsl_clock.o
 .rodata.CLOCK_GetPll0Freq.str1.4
                0x000050dc       0x1e ./drivers/fsl_clock.o
 *fill*         0x000050fa        0x2 ff
 .rodata.CLOCK_EnablePll0.str1.4
                0x000050fc       0x1b ./drivers/fsl_clock.o
 *fill*         0x00005117        0x1 ff
 .rodata.CLOCK_SetPbeMode.str1.4
                0x00005118       0x1b ./drivers/fsl_clock.o
 *fill*         0x00005133        0x1 ff
 .rodata.CLOCK_BootToPeeMode.str1.4
                0x00005134       0x1b ./drivers/fsl_clock.o
 *fill*         0x0000514f        0x1 ff
 .rodata.fllFactorTable.8351
                0x00005150       0x10 ./drivers/fsl_clock.o
 .rodata.SPI0_DriverIRQHandler.str1.4
                0x00005160       0x2b ./drivers/fsl_dspi.o
 *fill*         0x0000518b        0x1 ff
 .rodata.SPI1_DriverIRQHandler.str1.4
                0x0000518c       0x2b ./drivers/fsl_dspi.o
 *fill*         0x000051b7        0x1 ff
 .rodata.SPI2_DriverIRQHandler.str1.4
                0x000051b8       0x2b ./drivers/fsl_dspi.o
 *fill*         0x000051e3        0x1 ff
 .rodata.EDMA_GetChannelStatusFlags.str1.4
                0x000051e4       0x46 ./drivers/fsl_edma.o
 *fill*         0x0000522a        0x2 ff
 .rodata.EDMA_HandleIRQ.str1.4
                0x0000522c       0x22 ./drivers/fsl_edma.o
 *fill*         0x0000524e        0x2 ff
 .rodata.CAN0_DriverIRQHandler.str1.4
                0x00005250       0x31 ./drivers/fsl_flexcan.o
 *fill*         0x00005281        0x3 ff
 .rodata.CAN1_DriverIRQHandler.str1.4
                0x00005284       0x31 ./drivers/fsl_flexcan.o
 *fill*         0x000052b5        0x3 ff
 .rodata.s_portBases
                0x000052b8       0x14 ./drivers/fsl_gpio.o
 .rodata.s_gpioBases
                0x000052cc       0x14 ./drivers/fsl_gpio.o
 .rodata.GPIO_GetInstance.str1.4
                0x000052e0       0x34 ./drivers/fsl_gpio.o
 .rodata.GPIO_PinInit.str1.4
                0x00005314       0x21 ./drivers/fsl_gpio.o
 *fill*         0x00005335        0x3 ff
 .rodata.s_i2cDividerTable
                0x00005338       0x80 ./drivers/fsl_i2c.o
 .rodata.s_i2cClocks
                0x000053b8       0x10 ./drivers/fsl_i2c.o
 .rodata.s_i2cBases
                0x000053c8       0x10 ./drivers/fsl_i2c.o
 .rodata.I2C_GetInstance.str1.4
                0x000053d8       0x33 ./drivers/fsl_i2c.o
 *fill*         0x0000540b        0x1 ff
 .rodata.I2C_MasterInit.str1.4
                0x0000540c       0x4b ./drivers/fsl_i2c.o
 *fill*         0x00005457        0x1 ff
 .rodata.I2C_MasterGetDefaultConfig.str1.4
                0x00005458       0x26 ./drivers/fsl_i2c.o
 *fill*         0x0000547e        0x2 ff
 .rodata.I2C_MasterTransferBlocking.str1.4
                0x00005480       0x1f ./drivers/fsl_i2c.o
 *fill*         0x0000549f        0x1 ff
 .rodata.PIT_GetInstance.str1.4
                0x000054a0       0x32 ./drivers/fsl_pit.o
 *fill*         0x000054d2        0x2 ff
 .rodata.PIT_Init.str1.4
                0x000054d4       0x1f ./drivers/fsl_pit.o
 *fill*         0x000054f3        0x1 ff
 .rodata.RTC_Init.str1.4
                0x000054f4       0x20 ./drivers/fsl_rtc.o
 .rodata.RTC_GetDefaultConfig.str1.4
                0x00005514       0x20 ./drivers/fsl_rtc.o
 .rodata.I2S0_Tx_DriverIRQHandler.str1.4
                0x00005534       0x2c ./drivers/fsl_sai.o
 .rodata.I2S0_Rx_DriverIRQHandler.str1.4
                0x00005560       0x2c ./drivers/fsl_sai.o
 .rodata.SDHC_DriverIRQHandler.str1.4
                0x0000558c       0x2b ./drivers/fsl_sdhc.o
 *fill*         0x000055b7        0x1 ff
 .rodata.mcgConfig_BOARD_BootClockRUN
                0x000055b8        0xc ./board/clock_config.o
                0x000055b8                mcgConfig_BOARD_BootClockRUN
 .rodata.simConfig_BOARD_BootClockRUN
                0x000055c4        0x8 ./board/clock_config.o
                0x000055c4                simConfig_BOARD_BootClockRUN
 .rodata.oscConfig_BOARD_BootClockRUN
                0x000055cc        0x8 ./board/clock_config.o
                0x000055cc                oscConfig_BOARD_BootClockRUN
 .rodata        0x000055d4        0x2 ./board/pin_mux.o
 *fill*         0x000055d6        0x2 ff
 .rodata.__num_Ciob_streams
                0x000055d8        0x4 d:/nxp/mcuxpressoide_11.3.0_5222/ide/plugins/com.nxp.mcuxpresso.tools.win32_11.3.0.202008311133/tools/bin/../lib/gcc/arm-none-eabi/9.3.1/../../../../arm-none-eabi/lib/thumb/v7e-m+fp/hard\libcr_semihost_nf.a(__ciob.o)
                0x000055d8                __num_Ciob_streams
 .rodata.__assertion_failed.str1.1
                0x000055dc       0x15 d:/nxp/mcuxpressoide_11.3.0_5222/ide/plugins/com.nxp.mcuxpresso.tools.win32_11.3.0.202008311133/tools/bin/../lib/gcc/arm-none-eabi/9.3.1/../../../../arm-none-eabi/lib/thumb/v7e-m+fp/hard\libcr_semihost_nf.a(_cr_assert.o)
 .rodata._Csys_alloc.str1.1
                0x000055f1       0x18 d:/nxp/mcuxpressoide_11.3.0_5222/ide/plugins/com.nxp.mcuxpresso.tools.win32_11.3.0.202008311133/tools/bin/../lib/gcc/arm-none-eabi/9.3.1/../../../../arm-none-eabi/lib/thumb/v7e-m+fp/hard\libcr_c.a(alloc.o)
 .rodata._initio.str1.1
                0x00005609        0x4 d:/nxp/mcuxpressoide_11.3.0_5222/ide/plugins/com.nxp.mcuxpresso.tools.win32_11.3.0.202008311133/tools/bin/../lib/gcc/arm-none-eabi/9.3.1/../../../../arm-none-eabi/lib/thumb/v7e-m+fp/hard\libcr_c.a(initio.o)
                0x00005610                . = ALIGN (0x8)
 *fill*         0x0000560d        0x3 ff

.glue_7         0x00005610        0x0
 .glue_7        0x00005610        0x0 linker stubs

.glue_7t        0x00005610        0x0
 .glue_7t       0x00005610        0x0 linker stubs

.vfp11_veneer   0x00005610        0x0
 .vfp11_veneer  0x00005610        0x0 linker stubs

.v4_bx          0x00005610        0x0
 .v4_bx         0x00005610        0x0 linker stubs

.iplt           0x00005610        0x0
 .iplt          0x00005610        0x0 ./startup/startup_mk66f18.o

.rel.dyn        0x00005610        0x0
 .rel.iplt      0x00005610        0x0 ./startup/startup_mk66f18.o

.ARM.extab
 *(SORT_BY_ALIGNMENT(.ARM.extab*) SORT_BY_ALIGNMENT(.gnu.linkonce.armextab.*))

.ARM.exidx      0x00005610        0x0
                0x00005610                __exidx_start = .
 *(SORT_BY_ALIGNMENT(.ARM.exidx*) SORT_BY_ALIGNMENT(.gnu.linkonce.armexidx.*))
                0x00005610                __exidx_end = .
                0x00005610                _etext = .

.m_usb_data
 *(SORT_BY_ALIGNMENT(m_usb_bdt))

.data_RAM2      0x1fff0000        0x0 load address 0x00005610
 FILL mask 0xff
                [!provide]                PROVIDE (__start_data_RAM2 = .)
                [!provide]                PROVIDE (__start_data_SRAM_LOWER = .)
 *(SORT_BY_ALIGNMENT(.ramfunc.$RAM2))
 *(SORT_BY_ALIGNMENT(.ramfunc.$SRAM_LOWER))
 *(SORT_BY_ALIGNMENT(.data.$RAM2))
 *(SORT_BY_ALIGNMENT(.data.$SRAM_LOWER))
 *(SORT_BY_ALIGNMENT(.data.$RAM2.*))
 *(SORT_BY_ALIGNMENT(.data.$SRAM_LOWER.*))
                0x1fff0000                . = ALIGN (0x8)
                [!provide]                PROVIDE (__end_data_RAM2 = .)
                [!provide]                PROVIDE (__end_data_SRAM_LOWER = .)

.data_RAM3      0x14000000        0x0 load address 0x00005610
 FILL mask 0xff
                [!provide]                PROVIDE (__start_data_RAM3 = .)
                [!provide]                PROVIDE (__start_data_FLEX_RAM = .)
 *(SORT_BY_ALIGNMENT(.ramfunc.$RAM3))
 *(SORT_BY_ALIGNMENT(.ramfunc.$FLEX_RAM))
 *(SORT_BY_ALIGNMENT(.data.$RAM3))
 *(SORT_BY_ALIGNMENT(.data.$FLEX_RAM))
 *(SORT_BY_ALIGNMENT(.data.$RAM3.*))
 *(SORT_BY_ALIGNMENT(.data.$FLEX_RAM.*))
                0x14000000                . = ALIGN (0x8)
                [!provide]                PROVIDE (__end_data_RAM3 = .)
                [!provide]                PROVIDE (__end_data_FLEX_RAM = .)

.uninit_RESERVED
                0x20000000        0x0
                0x20000000                _start_uninit_RESERVED = .
 *(SORT_BY_ALIGNMENT(.bss.$RESERVED*))
                0x20000000                . = ALIGN (0x8)
                0x20000000                _end_uninit_RESERVED = .

.data           0x20000000       0x28 load address 0x00005610
 FILL mask 0xff
                0x20000000                _data = .
                [!provide]                PROVIDE (__start_data_RAM = .)
                [!provide]                PROVIDE (__start_data_SRAM_UPPER = .)
 *(SORT_BY_ALIGNMENT(vtable))
 *(SORT_BY_ALIGNMENT(.ramfunc*))
 *(SORT_BY_ALIGNMENT(CodeQuickAccess))
 *(SORT_BY_ALIGNMENT(DataQuickAccess))
 *(SORT_BY_ALIGNMENT(RamFunction))
 *(SORT_BY_ALIGNMENT(.data*))
 .data.sw1Flag  0x20000000        0x4 ./source/CDK66_Ref1.o
 .data.DSPTable
                0x20000004       0x10 ./source/CDK66_Ref1.o
 .data.s_slowIrcFreq
                0x20000014        0x4 ./drivers/fsl_clock.o
 .data.s_fastIrcFreq
                0x20000018        0x4 ./drivers/fsl_clock.o
 .data.SystemCoreClock
                0x2000001c        0x4 ./device/system_MK66F18.o
                0x2000001c                SystemCoreClock
 .data.CountMAX
                0x20000020        0x2 ./source/CDK66_Ref1.o
                0x20000020                CountMAX
 .data.QESPFlag
                0x20000022        0x1 ./source/CDK66_Ref1.o
                0x20000022                QESPFlag
                0x20000028                . = ALIGN (0x8)
 *fill*         0x20000023        0x5 ff
                0x20000028                _edata = .
                [!provide]                PROVIDE (__end_data_RAM = .)
                [!provide]                PROVIDE (__end_data_SRAM_UPPER = .)

.igot.plt       0x20000028        0x0 load address 0x00005638
 .igot.plt      0x20000028        0x0 ./startup/startup_mk66f18.o

.bss_RAM2       0x1fff0000        0x0
                [!provide]                PROVIDE (__start_bss_RAM2 = .)
                [!provide]                PROVIDE (__start_bss_SRAM_LOWER = .)
 *(SORT_BY_ALIGNMENT(.bss.$RAM2))
 *(SORT_BY_ALIGNMENT(.bss.$SRAM_LOWER))
 *(SORT_BY_ALIGNMENT(.bss.$RAM2.*))
 *(SORT_BY_ALIGNMENT(.bss.$SRAM_LOWER.*))
                0x1fff0000                . = ALIGN ((. != 0x0)?0x8:0x1)
                [!provide]                PROVIDE (__end_bss_RAM2 = .)
                [!provide]                PROVIDE (__end_bss_SRAM_LOWER = .)

.bss_RAM3       0x14000000        0x0
                [!provide]                PROVIDE (__start_bss_RAM3 = .)
                [!provide]                PROVIDE (__start_bss_FLEX_RAM = .)
 *(SORT_BY_ALIGNMENT(.bss.$RAM3))
 *(SORT_BY_ALIGNMENT(.bss.$FLEX_RAM))
 *(SORT_BY_ALIGNMENT(.bss.$RAM3.*))
 *(SORT_BY_ALIGNMENT(.bss.$FLEX_RAM.*))
                0x14000000                . = ALIGN ((. != 0x0)?0x8:0x1)
                [!provide]                PROVIDE (__end_bss_RAM3 = .)
                [!provide]                PROVIDE (__end_bss_FLEX_RAM = .)

.bss            0x20000028      0x1f8
                0x20000028                _bss = .
                [!provide]                PROVIDE (__start_bss_RAM = .)
                [!provide]                PROVIDE (__start_bss_SRAM_UPPER = .)
 *(SORT_BY_ALIGNMENT(.bss*))
 .bss.beepFlag  0x20000028        0x4 ./source/CDK66_Ref1.o
                0x20000028                beepFlag
 .bss.appTick   0x2000002c        0x4 ./source/CDK66_Ref1.o
 .bss.appTick2  0x20000030        0x4 ./source/CDK66_Ref1.o
 .bss.Var2      0x20000034        0x4 ./source/CDK66_Ref1.o
 .bss.s_extPllFreq
                0x20000038        0x4 ./drivers/fsl_clock.o
 .bss.g_xtal0Freq
                0x2000003c        0x4 ./drivers/fsl_clock.o
                0x2000003c                g_xtal0Freq
 .bss.g_xtal32Freq
                0x20000040        0x4 ./drivers/fsl_clock.o
                0x20000040                g_xtal32Freq
 .bss.g_dspiHandle
                0x20000044        0xc ./drivers/fsl_dspi.o
 .bss.s_dspiMasterIsr
                0x20000050        0x4 ./drivers/fsl_dspi.o
 .bss.s_dspiSlaveIsr
                0x20000054        0x4 ./drivers/fsl_dspi.o
 .bss.s_EDMAHandle
                0x20000058       0x80 ./drivers/fsl_edma.o
 .bss.s_flexcanHandle
                0x200000d8        0x8 ./drivers/fsl_flexcan.o
 .bss.s_flexcanIsr
                0x200000e0        0x4 ./drivers/fsl_flexcan.o
 .bss.s_i2cHandle
                0x200000e4       0x10 ./drivers/fsl_i2c.o
 .bss.s_i2cMasterIsr
                0x200000f4        0x4 ./drivers/fsl_i2c.o
 .bss.s_i2cSlaveIsr
                0x200000f8        0x4 ./drivers/fsl_i2c.o
 .bss.s_lpuartHandle
                0x200000fc        0x4 ./drivers/fsl_lpuart.o
 .bss.s_lpuartIsr
                0x20000100        0x4 ./drivers/fsl_lpuart.o
 .bss.s_saiHandle
                0x20000104        0x8 ./drivers/fsl_sai.o
 .bss.s_saiTxIsr
                0x2000010c        0x4 ./drivers/fsl_sai.o
 .bss.s_saiRxIsr
                0x20000110        0x4 ./drivers/fsl_sai.o
 .bss.s_sdhcHandle
                0x20000114        0x4 ./drivers/fsl_sdhc.o
 .bss.s_sdhcIsr
                0x20000118        0x4 ./drivers/fsl_sdhc.o
 .bss.s_uartHandle
                0x2000011c       0x14 ./drivers/fsl_uart.o
 .bss.s_uartIsr
                0x20000130        0x4 ./drivers/fsl_uart.o
 .bss.g_master_txBuff
                0x20000134        0x2 ./board/board.o
                0x20000134                g_master_txBuff
 *fill*         0x20000136        0x2 
 .bss.masterXfer
                0x20000138       0x18 ./board/board.o
                0x20000138                masterXfer
 .bss.__Ciob    0x20000150       0xb4 d:/nxp/mcuxpressoide_11.3.0_5222/ide/plugins/com.nxp.mcuxpresso.tools.win32_11.3.0.202008311133/tools/bin/../lib/gcc/arm-none-eabi/9.3.1/../../../../arm-none-eabi/lib/thumb/v7e-m+fp/hard\libcr_semihost_nf.a(__ciob.o)
                0x20000150                __Ciob
 .bss.__end_of_heap
                0x20000204        0x4 d:/nxp/mcuxpressoide_11.3.0_5222/ide/plugins/com.nxp.mcuxpresso.tools.win32_11.3.0.202008311133/tools/bin/../lib/gcc/arm-none-eabi/9.3.1/../../../../arm-none-eabi/lib/thumb/v7e-m+fp/hard\libcr_c.a(__init_alloc.o)
                0x20000204                __end_of_heap
 .bss.__heaps   0x20000208        0x4 d:/nxp/mcuxpressoide_11.3.0_5222/ide/plugins/com.nxp.mcuxpresso.tools.win32_11.3.0.202008311133/tools/bin/../lib/gcc/arm-none-eabi/9.3.1/../../../../arm-none-eabi/lib/thumb/v7e-m+fp/hard\libcr_c.a(__init_alloc.o)
                0x20000208                __heaps
 .bss.errno     0x2000020c        0x4 d:/nxp/mcuxpressoide_11.3.0_5222/ide/plugins/com.nxp.mcuxpresso.tools.win32_11.3.0.202008311133/tools/bin/../lib/gcc/arm-none-eabi/9.3.1/../../../../arm-none-eabi/lib/thumb/v7e-m+fp/hard\libcr_c.a(errno.o)
                0x2000020c                errno
 .bss.beepCnt   0x20000210        0x2 ./source/CDK66_Ref1.o
                0x20000210                beepCnt
 .bss.Var1      0x20000212        0x2 ./source/CDK66_Ref1.o
                0x20000212                Var1
 .bss.DetectSig
                0x20000214        0x2 ./source/CDK66_Ref1.o
                0x20000214                DetectSig
 .bss.ResetFlag
                0x20000216        0x1 ./source/CDK66_Ref1.o
                0x20000216                ResetFlag
 .bss.stopFlag  0x20000217        0x1 ./source/CDK66_Ref1.o
                0x20000217                stopFlag
 .bss.INTF      0x20000218        0x1 ./source/CDK66_Ref1.o
                0x20000218                INTF
 *(SORT_BY_ALIGNMENT(COMMON))
                0x20000220                . = ALIGN (0x8)
 *fill*         0x20000219        0x7 
                0x20000220                _ebss = .
                [!provide]                PROVIDE (__end_bss_RAM = .)
                [!provide]                PROVIDE (__end_bss_SRAM_UPPER = .)
                [!provide]                PROVIDE (end = .)

.noinit_RAM2    0x1fff0000        0x0
                [!provide]                PROVIDE (__start_noinit_RAM2 = .)
                [!provide]                PROVIDE (__start_noinit_SRAM_LOWER = .)
 *(SORT_BY_ALIGNMENT(.noinit.$RAM2))
 *(SORT_BY_ALIGNMENT(.noinit.$SRAM_LOWER))
 *(SORT_BY_ALIGNMENT(.noinit.$RAM2.*))
 *(SORT_BY_ALIGNMENT(.noinit.$SRAM_LOWER.*))
                0x1fff0000                . = ALIGN (0x8)
                [!provide]                PROVIDE (__end_noinit_RAM2 = .)
                [!provide]                PROVIDE (__end_noinit_SRAM_LOWER = .)

.noinit_RAM3    0x14000000        0x0
                [!provide]                PROVIDE (__start_noinit_RAM3 = .)
                [!provide]                PROVIDE (__start_noinit_FLEX_RAM = .)
 *(SORT_BY_ALIGNMENT(.noinit.$RAM3))
 *(SORT_BY_ALIGNMENT(.noinit.$FLEX_RAM))
 *(SORT_BY_ALIGNMENT(.noinit.$RAM3.*))
 *(SORT_BY_ALIGNMENT(.noinit.$FLEX_RAM.*))
                0x14000000                . = ALIGN (0x8)
                [!provide]                PROVIDE (__end_noinit_RAM3 = .)
                [!provide]                PROVIDE (__end_noinit_FLEX_RAM = .)

.noinit         0x20000220        0x0
                0x20000220                _noinit = .
                [!provide]                PROVIDE (__start_noinit_RAM = .)
                [!provide]                PROVIDE (__start_noinit_SRAM_UPPER = .)
 *(SORT_BY_ALIGNMENT(.noinit*))
                0x20000220                . = ALIGN (0x8)
                0x20000220                _end_noinit = .
                [!provide]                PROVIDE (__end_noinit_RAM = .)
                [!provide]                PROVIDE (__end_noinit_SRAM_UPPER = .)
                0x00001000                _HeapSize = 0x1000

.heap           0x20000220     0x1000
                0x20000220                _pvHeapStart = .
                0x20001220                . = (. + _HeapSize)
 *fill*         0x20000220     0x1000 
                0x20001220                . = ALIGN (0x8)
                0x20001220                _pvHeapLimit = .
                0x00001000                _StackSize = 0x1000

.heap2stackfill
                0x20001220     0x1000
                0x20002220                . = (. + _StackSize)
 *fill*         0x20001220     0x1000 

.stack          0x2002f000        0x0
                0x2002f000                _vStackBase = .
                0x2002f000                . = ALIGN (0x8)
                0x20030000                _vStackTop = (. + _StackSize)
                0x00000000                _image_start = LOADADDR (.text)
                0x00005638                _image_end = (LOADADDR (.data) + SIZEOF (.data))
                0x00005638                _image_size = (_image_end - _image_start)
OUTPUT(CDK66_Ref1.axf elf32-littlearm)
LOAD linker stubs

.debug_info     0x00000000    0x1babf
 .debug_info    0x00000000      0xa38 ./startup/startup_mk66f18.o
 .debug_info    0x00000a38      0x9e4 ./source/CDK66_OLED.o
 .debug_info    0x0000141c     0x143a ./source/CDK66_Ref1.o
 .debug_info    0x00002856       0x3c ./source/semihost_hardfault.o
 .debug_info    0x00002892     0x2957 ./drivers/fsl_clock.o
 .debug_info    0x000051e9     0x2672 ./drivers/fsl_dspi.o
 .debug_info    0x0000785b     0x24d9 ./drivers/fsl_edma.o
 .debug_info    0x00009d34     0x24dd ./drivers/fsl_flexcan.o
 .debug_info    0x0000c211      0x6f8 ./drivers/fsl_gpio.o
 .debug_info    0x0000c909     0x1fc9 ./drivers/fsl_i2c.o
 .debug_info    0x0000e8d2     0x1b8a ./drivers/fsl_lpuart.o
 .debug_info    0x0001045c      0x891 ./drivers/fsl_pit.o
 .debug_info    0x00010ced      0xae4 ./drivers/fsl_rtc.o
 .debug_info    0x000117d1     0x3120 ./drivers/fsl_sai.o
 .debug_info    0x000148f1     0x22da ./drivers/fsl_sdhc.o
 .debug_info    0x00016bcb     0x1dc9 ./drivers/fsl_uart.o
 .debug_info    0x00018994      0xaa4 ./device/system_MK66F18.o
 .debug_info    0x00019438      0xdea ./board/board.o
 .debug_info    0x0001a222      0xf29 ./board/clock_config.o
 .debug_info    0x0001b14b      0x11f ./board/peripherals.o
 .debug_info    0x0001b26a      0x855 ./board/pin_mux.o

.debug_abbrev   0x00000000     0x34f3
 .debug_abbrev  0x00000000      0x17a ./startup/startup_mk66f18.o
 .debug_abbrev  0x0000017a      0x22c ./source/CDK66_OLED.o
 .debug_abbrev  0x000003a6      0x347 ./source/CDK66_Ref1.o
 .debug_abbrev  0x000006ed       0x31 ./source/semihost_hardfault.o
 .debug_abbrev  0x0000071e      0x37a ./drivers/fsl_clock.o
 .debug_abbrev  0x00000a98      0x399 ./drivers/fsl_dspi.o
 .debug_abbrev  0x00000e31      0x3fd ./drivers/fsl_edma.o
 .debug_abbrev  0x0000122e      0x323 ./drivers/fsl_flexcan.o
 .debug_abbrev  0x00001551      0x1b8 ./drivers/fsl_gpio.o
 .debug_abbrev  0x00001709      0x395 ./drivers/fsl_i2c.o
 .debug_abbrev  0x00001a9e      0x329 ./drivers/fsl_lpuart.o
 .debug_abbrev  0x00001dc7      0x23b ./drivers/fsl_pit.o
 .debug_abbrev  0x00002002      0x2c0 ./drivers/fsl_rtc.o
 .debug_abbrev  0x000022c2      0x309 ./drivers/fsl_sai.o
 .debug_abbrev  0x000025cb      0x32b ./drivers/fsl_sdhc.o
 .debug_abbrev  0x000028f6      0x358 ./drivers/fsl_uart.o
 .debug_abbrev  0x00002c4e      0x170 ./device/system_MK66F18.o
 .debug_abbrev  0x00002dbe      0x250 ./board/board.o
 .debug_abbrev  0x0000300e      0x249 ./board/clock_config.o
 .debug_abbrev  0x00003257       0xbb ./board/peripherals.o
 .debug_abbrev  0x00003312      0x1e1 ./board/pin_mux.o

.debug_aranges  0x00000000     0x17b8
 .debug_aranges
                0x00000000      0x3a0 ./startup/startup_mk66f18.o
 .debug_aranges
                0x000003a0       0xa0 ./source/CDK66_OLED.o
 .debug_aranges
                0x00000440       0xc0 ./source/CDK66_Ref1.o
 .debug_aranges
                0x00000500       0x20 ./source/semihost_hardfault.o
 .debug_aranges
                0x00000520      0x258 ./drivers/fsl_clock.o
 .debug_aranges
                0x00000778      0x1d8 ./drivers/fsl_dspi.o
 .debug_aranges
                0x00000950      0x1e8 ./drivers/fsl_edma.o
 .debug_aranges
                0x00000b38      0x1b0 ./drivers/fsl_flexcan.o
 .debug_aranges
                0x00000ce8       0x40 ./drivers/fsl_gpio.o
 .debug_aranges
                0x00000d28      0x188 ./drivers/fsl_i2c.o
 .debug_aranges
                0x00000eb0      0x118 ./drivers/fsl_lpuart.o
 .debug_aranges
                0x00000fc8       0x48 ./drivers/fsl_pit.o
 .debug_aranges
                0x00001010       0xb0 ./drivers/fsl_rtc.o
 .debug_aranges
                0x000010c0      0x2b8 ./drivers/fsl_sai.o
 .debug_aranges
                0x00001378      0x170 ./drivers/fsl_sdhc.o
 .debug_aranges
                0x000014e8      0x170 ./drivers/fsl_uart.o
 .debug_aranges
                0x00001658       0x30 ./device/system_MK66F18.o
 .debug_aranges
                0x00001688       0x60 ./board/board.o
 .debug_aranges
                0x000016e8       0x68 ./board/clock_config.o
 .debug_aranges
                0x00001750       0x28 ./board/peripherals.o
 .debug_aranges
                0x00001778       0x40 ./board/pin_mux.o

.debug_ranges   0x00000000     0x1680
 .debug_ranges  0x00000000      0x390 ./startup/startup_mk66f18.o
 .debug_ranges  0x00000390       0x90 ./source/CDK66_OLED.o
 .debug_ranges  0x00000420       0xb0 ./source/CDK66_Ref1.o
 .debug_ranges  0x000004d0       0x10 ./source/semihost_hardfault.o
 .debug_ranges  0x000004e0      0x248 ./drivers/fsl_clock.o
 .debug_ranges  0x00000728      0x1c8 ./drivers/fsl_dspi.o
 .debug_ranges  0x000008f0      0x1d8 ./drivers/fsl_edma.o
 .debug_ranges  0x00000ac8      0x1b8 ./drivers/fsl_flexcan.o
 .debug_ranges  0x00000c80       0x30 ./drivers/fsl_gpio.o
 .debug_ranges  0x00000cb0      0x178 ./drivers/fsl_i2c.o
 .debug_ranges  0x00000e28      0x108 ./drivers/fsl_lpuart.o
 .debug_ranges  0x00000f30       0x38 ./drivers/fsl_pit.o
 .debug_ranges  0x00000f68       0xa0 ./drivers/fsl_rtc.o
 .debug_ranges  0x00001008      0x2a8 ./drivers/fsl_sai.o
 .debug_ranges  0x000012b0      0x160 ./drivers/fsl_sdhc.o
 .debug_ranges  0x00001410      0x160 ./drivers/fsl_uart.o
 .debug_ranges  0x00001570       0x20 ./device/system_MK66F18.o
 .debug_ranges  0x00001590       0x50 ./board/board.o
 .debug_ranges  0x000015e0       0x58 ./board/clock_config.o
 .debug_ranges  0x00001638       0x18 ./board/peripherals.o
 .debug_ranges  0x00001650       0x30 ./board/pin_mux.o

.debug_macro    0x00000000    0x1b696
 .debug_macro   0x00000000       0x29 ./startup/startup_mk66f18.o
 .debug_macro   0x00000029      0xaf0 ./startup/startup_mk66f18.o
 .debug_macro   0x00000b19      0x147 ./source/CDK66_OLED.o
 .debug_macro   0x00000c60      0x356 ./source/CDK66_OLED.o
 .debug_macro   0x00000fb6       0x10 ./source/CDK66_OLED.o
 .debug_macro   0x00000fc6       0x1c ./source/CDK66_OLED.o
 .debug_macro   0x00000fe2       0x22 ./source/CDK66_OLED.o
 .debug_macro   0x00001004      0x12e ./source/CDK66_OLED.o
 .debug_macro   0x00001132      0x5b3 ./source/CDK66_OLED.o
 .debug_macro   0x000016e5       0x22 ./source/CDK66_OLED.o
 .debug_macro   0x00001707       0x10 ./source/CDK66_OLED.o
 .debug_macro   0x00001717       0x56 ./source/CDK66_OLED.o
 .debug_macro   0x0000176d       0x1c ./source/CDK66_OLED.o
 .debug_macro   0x00001789       0x22 ./source/CDK66_OLED.o
 .debug_macro   0x000017ab      0x101 ./source/CDK66_OLED.o
 .debug_macro   0x000018ac      0xeeb ./source/CDK66_OLED.o
 .debug_macro   0x00002797       0x40 ./source/CDK66_OLED.o
 .debug_macro   0x000027d7    0x15ebc ./source/CDK66_OLED.o
 .debug_macro   0x00018693     0x1455 ./source/CDK66_OLED.o
 .debug_macro   0x00019ae8       0xde ./source/CDK66_OLED.o
 .debug_macro   0x00019bc6      0x190 ./source/CDK66_OLED.o
 .debug_macro   0x00019d56       0x10 ./source/CDK66_OLED.o
 .debug_macro   0x00019d66       0x3a ./source/CDK66_OLED.o
 .debug_macro   0x00019da0      0x17d ./source/CDK66_Ref1.o
 .debug_macro   0x00019f1d       0xd8 ./source/CDK66_Ref1.o
 .debug_macro   0x00019ff5       0x16 ./source/CDK66_Ref1.o
 .debug_macro   0x0001a00b       0x16 ./source/CDK66_Ref1.o
 .debug_macro   0x0001a021       0x16 ./source/CDK66_Ref1.o
 .debug_macro   0x0001a037       0x16 ./source/CDK66_Ref1.o
 .debug_macro   0x0001a04d      0x100 ./source/CDK66_Ref1.o
 .debug_macro   0x0001a14d       0x16 ./source/CDK66_Ref1.o
 .debug_macro   0x0001a163       0x10 ./source/CDK66_Ref1.o
 .debug_macro   0x0001a173       0x10 ./source/CDK66_Ref1.o
 .debug_macro   0x0001a183       0x22 ./source/CDK66_Ref1.o
 .debug_macro   0x0001a1a5       0x11 ./source/semihost_hardfault.o
 .debug_macro   0x0001a1b6      0x1c6 ./drivers/fsl_clock.o
 .debug_macro   0x0001a37c      0x103 ./drivers/fsl_dspi.o
 .debug_macro   0x0001a47f       0x3a ./drivers/fsl_dspi.o
 .debug_macro   0x0001a4b9      0x109 ./drivers/fsl_edma.o
 .debug_macro   0x0001a5c2       0x10 ./drivers/fsl_edma.o
 .debug_macro   0x0001a5d2      0x1ab ./drivers/fsl_flexcan.o
 .debug_macro   0x0001a77d       0xd0 ./drivers/fsl_flexcan.o
 .debug_macro   0x0001a84d      0x103 ./drivers/fsl_gpio.o
 .debug_macro   0x0001a950      0x103 ./drivers/fsl_i2c.o
 .debug_macro   0x0001aa53       0x1c ./drivers/fsl_i2c.o
 .debug_macro   0x0001aa6f      0x103 ./drivers/fsl_lpuart.o
 .debug_macro   0x0001ab72       0x10 ./drivers/fsl_lpuart.o
 .debug_macro   0x0001ab82      0x104 ./drivers/fsl_pit.o
 .debug_macro   0x0001ac86      0x128 ./drivers/fsl_rtc.o
 .debug_macro   0x0001adae      0x109 ./drivers/fsl_sai.o
 .debug_macro   0x0001aeb7       0x18 ./drivers/fsl_sai.o
 .debug_macro   0x0001aecf      0x121 ./drivers/fsl_sdhc.o
 .debug_macro   0x0001aff0       0x64 ./drivers/fsl_sdhc.o
 .debug_macro   0x0001b054      0x109 ./drivers/fsl_uart.o
 .debug_macro   0x0001b15d       0x10 ./drivers/fsl_uart.o
 .debug_macro   0x0001b16d       0x98 ./device/system_MK66F18.o
 .debug_macro   0x0001b205      0x13f ./board/board.o
 .debug_macro   0x0001b344       0x10 ./board/board.o
 .debug_macro   0x0001b354      0x141 ./board/clock_config.o
 .debug_macro   0x0001b495       0xf8 ./board/peripherals.o
 .debug_macro   0x0001b58d      0x109 ./board/pin_mux.o

.debug_line     0x00000000     0xfa79
 .debug_line    0x00000000      0xa5e ./startup/startup_mk66f18.o
 .debug_line    0x00000a5e      0x9a6 ./source/CDK66_OLED.o
 .debug_line    0x00001404      0x794 ./source/CDK66_Ref1.o
 .debug_line    0x00001b98       0x59 ./source/semihost_hardfault.o
 .debug_line    0x00001bf1     0x17cd ./drivers/fsl_clock.o
 .debug_line    0x000033be     0x1777 ./drivers/fsl_dspi.o
 .debug_line    0x00004b35     0x13f5 ./drivers/fsl_edma.o
 .debug_line    0x00005f2a     0x1371 ./drivers/fsl_flexcan.o
 .debug_line    0x0000729b      0x39e ./drivers/fsl_gpio.o
 .debug_line    0x00007639     0x13bf ./drivers/fsl_i2c.o
 .debug_line    0x000089f8      0xe30 ./drivers/fsl_lpuart.o
 .debug_line    0x00009828      0x3d6 ./drivers/fsl_pit.o
 .debug_line    0x00009bfe      0x84b ./drivers/fsl_rtc.o
 .debug_line    0x0000a449     0x1cab ./drivers/fsl_sai.o
 .debug_line    0x0000c0f4     0x1091 ./drivers/fsl_sdhc.o
 .debug_line    0x0000d185     0x129c ./drivers/fsl_uart.o
 .debug_line    0x0000e421      0x406 ./device/system_MK66F18.o
 .debug_line    0x0000e827      0x4b3 ./board/board.o
 .debug_line    0x0000ecda      0x452 ./board/clock_config.o
 .debug_line    0x0000f12c      0x300 ./board/peripherals.o
 .debug_line    0x0000f42c      0x64d ./board/pin_mux.o

.debug_str      0x00000000    0xc5117
 .debug_str     0x00000000     0x3828 ./startup/startup_mk66f18.o
                               0x38bc (size before relaxing)
 .debug_str     0x00003828    0xb33d3 ./source/CDK66_OLED.o
                              0xb632e (size before relaxing)
 .debug_str     0x000b6bfb     0x1d12 ./source/CDK66_Ref1.o
                              0xb7f8d (size before relaxing)
 .debug_str     0x000b890d       0x1f ./source/semihost_hardfault.o
                               0x2ec4 (size before relaxing)
 .debug_str     0x000b892c     0x1ff6 ./drivers/fsl_clock.o
                              0xb706b (size before relaxing)
 .debug_str     0x000ba922     0x140e ./drivers/fsl_dspi.o
                              0xb69dc (size before relaxing)
 .debug_str     0x000bbd30     0x1192 ./drivers/fsl_edma.o
                              0xb6760 (size before relaxing)
 .debug_str     0x000bcec2     0x251a ./drivers/fsl_flexcan.o
                              0xb7aeb (size before relaxing)
 .debug_str     0x000bf3dc      0x181 ./drivers/fsl_gpio.o
                              0xb4ca7 (size before relaxing)
 .debug_str     0x000bf55d      0xa9f ./drivers/fsl_i2c.o
                              0xb6277 (size before relaxing)
 .debug_str     0x000bfffc      0xe91 ./drivers/fsl_lpuart.o
                              0xb646d (size before relaxing)
 .debug_str     0x000c0e8d       0xa0 ./drivers/fsl_pit.o
                              0xb4f36 (size before relaxing)
 .debug_str     0x000c0f2d      0x48d ./drivers/fsl_rtc.o
                              0xb4b31 (size before relaxing)
 .debug_str     0x000c13ba     0x1364 ./drivers/fsl_sai.o
                              0xb6998 (size before relaxing)
 .debug_str     0x000c271e     0x1847 ./drivers/fsl_sdhc.o
                              0xb6e40 (size before relaxing)
 .debug_str     0x000c3f65      0x95e ./drivers/fsl_uart.o
                              0xb63f7 (size before relaxing)
 .debug_str     0x000c48c3      0x10f ./device/system_MK66F18.o
                              0xb34d0 (size before relaxing)
 .debug_str     0x000c49d2      0x168 ./board/board.o
                              0xb6044 (size before relaxing)
 .debug_str     0x000c4b3a      0x189 ./board/clock_config.o
                              0xb54f3 (size before relaxing)
 .debug_str     0x000c4cc3       0x47 ./board/peripherals.o
                              0xb42ac (size before relaxing)
 .debug_str     0x000c4d0a      0x40d ./board/pin_mux.o
                              0xb5d1c (size before relaxing)

.comment        0x00000000       0x4c
 .comment       0x00000000       0x4c ./startup/startup_mk66f18.o
                                 0x4d (size before relaxing)
 .comment       0x0000004c       0x4d ./source/CDK66_OLED.o
 .comment       0x0000004c       0x4d ./source/CDK66_Ref1.o
 .comment       0x0000004c       0x4d ./source/semihost_hardfault.o
 .comment       0x0000004c       0x4d ./drivers/fsl_clock.o
 .comment       0x0000004c       0x4d ./drivers/fsl_dspi.o
 .comment       0x0000004c       0x4d ./drivers/fsl_edma.o
 .comment       0x0000004c       0x4d ./drivers/fsl_flexcan.o
 .comment       0x0000004c       0x4d ./drivers/fsl_gpio.o
 .comment       0x0000004c       0x4d ./drivers/fsl_i2c.o
 .comment       0x0000004c       0x4d ./drivers/fsl_lpuart.o
 .comment       0x0000004c       0x4d ./drivers/fsl_pit.o
 .comment       0x0000004c       0x4d ./drivers/fsl_rtc.o
 .comment       0x0000004c       0x4d ./drivers/fsl_sai.o
 .comment       0x0000004c       0x4d ./drivers/fsl_sdhc.o
 .comment       0x0000004c       0x4d ./drivers/fsl_uart.o
 .comment       0x0000004c       0x4d ./device/system_MK66F18.o
 .comment       0x0000004c       0x4d ./board/board.o
 .comment       0x0000004c       0x4d ./board/clock_config.o
 .comment       0x0000004c       0x4d ./board/peripherals.o
 .comment       0x0000004c       0x4d ./board/pin_mux.o
 .comment       0x0000004c       0x4d d:/nxp/mcuxpressoide_11.3.0_5222/ide/plugins/com.nxp.mcuxpresso.tools.win32_11.3.0.202008311133/tools/bin/../lib/gcc/arm-none-eabi/9.3.1/../../../../arm-none-eabi/lib/thumb/v7e-m+fp/hard\libcr_semihost_nf.a(_cr__main.o)
 .comment       0x0000004c       0x4d d:/nxp/mcuxpressoide_11.3.0_5222/ide/plugins/com.nxp.mcuxpresso.tools.win32_11.3.0.202008311133/tools/bin/../lib/gcc/arm-none-eabi/9.3.1/../../../../arm-none-eabi/lib/thumb/v7e-m+fp/hard\libcr_semihost_nf.a(_cr_assert.o)
 .comment       0x0000004c       0x4d d:/nxp/mcuxpressoide_11.3.0_5222/ide/plugins/com.nxp.mcuxpresso.tools.win32_11.3.0.202008311133/tools/bin/../lib/gcc/arm-none-eabi/9.3.1/../../../../arm-none-eabi/lib/thumb/v7e-m+fp/hard\libcr_semihost_nf.a(__ciob.o)
 .comment       0x0000004c       0x4d d:/nxp/mcuxpressoide_11.3.0_5222/ide/plugins/com.nxp.mcuxpresso.tools.win32_11.3.0.202008311133/tools/bin/../lib/gcc/arm-none-eabi/9.3.1/../../../../arm-none-eabi/lib/thumb/v7e-m+fp/hard\libcr_c.a(memset.o)
 .comment       0x0000004c       0x4d d:/nxp/mcuxpressoide_11.3.0_5222/ide/plugins/com.nxp.mcuxpresso.tools.win32_11.3.0.202008311133/tools/bin/../lib/gcc/arm-none-eabi/9.3.1/../../../../arm-none-eabi/lib/thumb/v7e-m+fp/hard\libcr_c.a(_deferredlazyseek.o)
 .comment       0x0000004c       0x4d d:/nxp/mcuxpressoide_11.3.0_5222/ide/plugins/com.nxp.mcuxpresso.tools.win32_11.3.0.202008311133/tools/bin/../lib/gcc/arm-none-eabi/9.3.1/../../../../arm-none-eabi/lib/thumb/v7e-m+fp/hard\libcr_c.a(_fflush.o)
 .comment       0x0000004c       0x4d d:/nxp/mcuxpressoide_11.3.0_5222/ide/plugins/com.nxp.mcuxpresso.tools.win32_11.3.0.202008311133/tools/bin/../lib/gcc/arm-none-eabi/9.3.1/../../../../arm-none-eabi/lib/thumb/v7e-m+fp/hard\libcr_c.a(_writebuf.o)
 .comment       0x0000004c       0x4d d:/nxp/mcuxpressoide_11.3.0_5222/ide/plugins/com.nxp.mcuxpresso.tools.win32_11.3.0.202008311133/tools/bin/../lib/gcc/arm-none-eabi/9.3.1/../../../../arm-none-eabi/lib/thumb/v7e-m+fp/hard\libcr_c.a(alloc.o)
 .comment       0x0000004c       0x4d d:/nxp/mcuxpressoide_11.3.0_5222/ide/plugins/com.nxp.mcuxpresso.tools.win32_11.3.0.202008311133/tools/bin/../lib/gcc/arm-none-eabi/9.3.1/../../../../arm-none-eabi/lib/thumb/v7e-m+fp/hard\libcr_c.a(fputs.o)
 .comment       0x0000004c       0x4d d:/nxp/mcuxpressoide_11.3.0_5222/ide/plugins/com.nxp.mcuxpresso.tools.win32_11.3.0.202008311133/tools/bin/../lib/gcc/arm-none-eabi/9.3.1/../../../../arm-none-eabi/lib/thumb/v7e-m+fp/hard\libcr_c.a(fseek.o)
 .comment       0x0000004c       0x4d d:/nxp/mcuxpressoide_11.3.0_5222/ide/plugins/com.nxp.mcuxpresso.tools.win32_11.3.0.202008311133/tools/bin/../lib/gcc/arm-none-eabi/9.3.1/../../../../arm-none-eabi/lib/thumb/v7e-m+fp/hard\libcr_c.a(ftell.o)
 .comment       0x0000004c       0x4d d:/nxp/mcuxpressoide_11.3.0_5222/ide/plugins/com.nxp.mcuxpresso.tools.win32_11.3.0.202008311133/tools/bin/../lib/gcc/arm-none-eabi/9.3.1/../../../../arm-none-eabi/lib/thumb/v7e-m+fp/hard\libcr_c.a(initio.o)
 .comment       0x0000004c       0x4d d:/nxp/mcuxpressoide_11.3.0_5222/ide/plugins/com.nxp.mcuxpresso.tools.win32_11.3.0.202008311133/tools/bin/../lib/gcc/arm-none-eabi/9.3.1/../../../../arm-none-eabi/lib/thumb/v7e-m+fp/hard\libcr_c.a(setvbuf.o)
 .comment       0x0000004c       0x4d d:/nxp/mcuxpressoide_11.3.0_5222/ide/plugins/com.nxp.mcuxpresso.tools.win32_11.3.0.202008311133/tools/bin/../lib/gcc/arm-none-eabi/9.3.1/../../../../arm-none-eabi/lib/thumb/v7e-m+fp/hard\libcr_c.a(__init_alloc.o)
 .comment       0x0000004c       0x4d d:/nxp/mcuxpressoide_11.3.0_5222/ide/plugins/com.nxp.mcuxpresso.tools.win32_11.3.0.202008311133/tools/bin/../lib/gcc/arm-none-eabi/9.3.1/../../../../arm-none-eabi/lib/thumb/v7e-m+fp/hard\libcr_c.a(_cr_sbrk.o)
 .comment       0x0000004c       0x4d d:/nxp/mcuxpressoide_11.3.0_5222/ide/plugins/com.nxp.mcuxpresso.tools.win32_11.3.0.202008311133/tools/bin/../lib/gcc/arm-none-eabi/9.3.1/../../../../arm-none-eabi/lib/thumb/v7e-m+fp/hard\libcr_c.a(_fdopen.o)