core_cm4.h:1679:22:__NVIC_EnableIRQ	16	static
fsl_common.h:484:28:EnableIRQ	16	static
fsl_gpio.h:182:20:GPIO_PortSet	16	static
fsl_gpio.h:193:20:GPIO_PortClear	16	static
fsl_gpio.h:223:24:GPIO_PinRead	16	static
fsl_pit.h:105:20:PIT_GetDefaultConfig	16	static
fsl_pit.h:159:20:PIT_EnableInterrupts	24	static
fsl_pit.h:220:20:PIT_ClearStatusFlags	24	static
fsl_pit.h:246:20:PIT_SetTimerPeriod	24	static
fsl_pit.h:286:20:PIT_StartTimer	16	static
CDK66_Ref1.c:72:6:delay_in	16	static
CDK66_Ref1.c:77:6:InitPITs	24	static
CDK66_Ref1.c:94:6:ShowNumHEX	24	static
CDK66_Ref1.c:103:6:ShowNumDEC	24	static
CDK66_Ref1.c:112:6:ShowNumOFF	8	static
CDK66_Ref1.c:118:6:PIT0_IRQHandler	8	static
CDK66_Ref1.c:137:6:PORTB_IRQHandler	8	static
CDK66_Ref1.c:184:6:Task1	8	static
CDK66_Ref1.c:231:6:Task2	8	static
CDK66_Ref1.c:256:6:initVar	8	static
CDK66_Ref1.c:275:5:main	8	static
